Archive member included to satisfy reference by file (symbol)

/usr/lib/gcc/arm-none-eabi/10.3.1/thumb/v6-m/nofp/libgcc.a(_dvmd_tls.o)
                              CMakeFiles/electronic_load_pico.dir/home/pedrohcs8/pico/pico-sdk/src/rp2_common/pico_divider/divider.S.obj (__aeabi_idiv0)
/usr/lib/gcc/arm-none-eabi/10.3.1/../../../arm-none-eabi/lib/thumb/v6-m/nofp/libc.a(lib_a-atexit.o)
                              /usr/lib/gcc/arm-none-eabi/10.3.1/../../../arm-none-eabi/lib/thumb/v6-m/nofp/crt0.o (atexit)
/usr/lib/gcc/arm-none-eabi/10.3.1/../../../arm-none-eabi/lib/thumb/v6-m/nofp/libc.a(lib_a-calloc.o)
                              CMakeFiles/electronic_load_pico.dir/home/pedrohcs8/pico/pico-sdk/src/rp2_common/pico_malloc/pico_malloc.c.obj (calloc)
/usr/lib/gcc/arm-none-eabi/10.3.1/../../../arm-none-eabi/lib/thumb/v6-m/nofp/libc.a(lib_a-callocr.o)
                              /usr/lib/gcc/arm-none-eabi/10.3.1/../../../arm-none-eabi/lib/thumb/v6-m/nofp/libc.a(lib_a-calloc.o) (_calloc_r)
/usr/lib/gcc/arm-none-eabi/10.3.1/../../../arm-none-eabi/lib/thumb/v6-m/nofp/libc.a(lib_a-fini.o)
                              /usr/lib/gcc/arm-none-eabi/10.3.1/../../../arm-none-eabi/lib/thumb/v6-m/nofp/crt0.o (__libc_fini_array)
/usr/lib/gcc/arm-none-eabi/10.3.1/../../../arm-none-eabi/lib/thumb/v6-m/nofp/libc.a(lib_a-impure.o)
                              /usr/lib/gcc/arm-none-eabi/10.3.1/../../../arm-none-eabi/lib/thumb/v6-m/nofp/libc.a(lib_a-calloc.o) (_impure_ptr)
/usr/lib/gcc/arm-none-eabi/10.3.1/../../../arm-none-eabi/lib/thumb/v6-m/nofp/libc.a(lib_a-init.o)
                              /usr/lib/gcc/arm-none-eabi/10.3.1/../../../arm-none-eabi/lib/thumb/v6-m/nofp/crt0.o (__libc_init_array)
/usr/lib/gcc/arm-none-eabi/10.3.1/../../../arm-none-eabi/lib/thumb/v6-m/nofp/libc.a(lib_a-malloc.o)
                              CMakeFiles/electronic_load_pico.dir/home/pedrohcs8/pico/pico-sdk/src/rp2_common/pico_malloc/pico_malloc.c.obj (malloc)
/usr/lib/gcc/arm-none-eabi/10.3.1/../../../arm-none-eabi/lib/thumb/v6-m/nofp/libc.a(lib_a-mallocr.o)
                              /usr/lib/gcc/arm-none-eabi/10.3.1/../../../arm-none-eabi/lib/thumb/v6-m/nofp/libc.a(lib_a-callocr.o) (_malloc_r)
/usr/lib/gcc/arm-none-eabi/10.3.1/../../../arm-none-eabi/lib/thumb/v6-m/nofp/libc.a(lib_a-mlock.o)
                              /usr/lib/gcc/arm-none-eabi/10.3.1/../../../arm-none-eabi/lib/thumb/v6-m/nofp/libc.a(lib_a-mallocr.o) (__malloc_lock)
/usr/lib/gcc/arm-none-eabi/10.3.1/../../../arm-none-eabi/lib/thumb/v6-m/nofp/libc.a(lib_a-realloc.o)
                              CMakeFiles/electronic_load_pico.dir/home/pedrohcs8/pico/pico-sdk/src/rp2_common/pico_malloc/pico_malloc.c.obj (realloc)
/usr/lib/gcc/arm-none-eabi/10.3.1/../../../arm-none-eabi/lib/thumb/v6-m/nofp/libc.a(lib_a-reallocr.o)
                              /usr/lib/gcc/arm-none-eabi/10.3.1/../../../arm-none-eabi/lib/thumb/v6-m/nofp/libc.a(lib_a-realloc.o) (_realloc_r)
/usr/lib/gcc/arm-none-eabi/10.3.1/../../../arm-none-eabi/lib/thumb/v6-m/nofp/libc.a(lib_a-sbrkr.o)
                              /usr/lib/gcc/arm-none-eabi/10.3.1/../../../arm-none-eabi/lib/thumb/v6-m/nofp/libc.a(lib_a-mallocr.o) (_sbrk_r)
/usr/lib/gcc/arm-none-eabi/10.3.1/../../../arm-none-eabi/lib/thumb/v6-m/nofp/libc.a(lib_a-strlen-stub.o)
                              CMakeFiles/electronic_load_pico.dir/home/pedrohcs8/pico/pico-sdk/src/rp2_common/pico_stdio/stdio.c.obj (strlen)
/usr/lib/gcc/arm-none-eabi/10.3.1/../../../arm-none-eabi/lib/thumb/v6-m/nofp/libc.a(lib_a-__atexit.o)
                              /usr/lib/gcc/arm-none-eabi/10.3.1/../../../arm-none-eabi/lib/thumb/v6-m/nofp/libc.a(lib_a-atexit.o) (__register_exitproc)
/usr/lib/gcc/arm-none-eabi/10.3.1/../../../arm-none-eabi/lib/thumb/v6-m/nofp/libc.a(lib_a-freer.o)
                              /usr/lib/gcc/arm-none-eabi/10.3.1/../../../arm-none-eabi/lib/thumb/v6-m/nofp/libc.a(lib_a-malloc.o) (_free_r)
/usr/lib/gcc/arm-none-eabi/10.3.1/../../../arm-none-eabi/lib/thumb/v6-m/nofp/libc.a(lib_a-memmove.o)
                              /usr/lib/gcc/arm-none-eabi/10.3.1/../../../arm-none-eabi/lib/thumb/v6-m/nofp/libc.a(lib_a-reallocr.o) (memmove)
/usr/lib/gcc/arm-none-eabi/10.3.1/../../../arm-none-eabi/lib/thumb/v6-m/nofp/libc.a(lib_a-reent.o)
                              /usr/lib/gcc/arm-none-eabi/10.3.1/../../../arm-none-eabi/lib/thumb/v6-m/nofp/libc.a(lib_a-sbrkr.o) (errno)

Discarded input sections

 .text          0x0000000000000000        0x0 /usr/lib/gcc/arm-none-eabi/10.3.1/thumb/v6-m/nofp/crti.o
 .data          0x0000000000000000        0x0 /usr/lib/gcc/arm-none-eabi/10.3.1/thumb/v6-m/nofp/crti.o
 .bss           0x0000000000000000        0x0 /usr/lib/gcc/arm-none-eabi/10.3.1/thumb/v6-m/nofp/crti.o
 .data          0x0000000000000000        0x4 /usr/lib/gcc/arm-none-eabi/10.3.1/thumb/v6-m/nofp/crtbegin.o
 .rodata        0x0000000000000000       0x24 /usr/lib/gcc/arm-none-eabi/10.3.1/thumb/v6-m/nofp/crtbegin.o
[...]
Memory Configuration

Name             Origin             Length             Attributes
FLASH            0x0000000010000000 0x0000000000200000 xr
RAM              0x0000000020000000 0x0000000000040000 xrw
SCRATCH_X        0x0000000020040000 0x0000000000001000 xrw
SCRATCH_Y        0x0000000020041000 0x0000000000001000 xrw
*default*        0x0000000000000000 0xffffffffffffffff

Linker script and memory map

LOAD /usr/lib/gcc/arm-none-eabi/10.3.1/thumb/v6-m/nofp/crti.o
LOAD /usr/lib/gcc/arm-none-eabi/10.3.1/thumb/v6-m/nofp/crtbegin.o
LOAD /usr/lib/gcc/arm-none-eabi/10.3.1/../../../arm-none-eabi/lib/thumb/v6-m/nofp/crt0.o

.flash_begin    0x0000000010000000        0x0
                0x0000000010000000                __flash_binary_start = .

.boot2          0x0000000010000000      0x100
                0x0000000010000000                __boot2_start__ = .
 *(.boot2)
 .boot2         0x0000000010000000      0x100 /tmp/ccAnpGj5.o
                0x0000000010000100                __boot2_end__ = .
                0x0000000000000001                ASSERT (((__boot2_end__ - __boot2_start__) == 0x100), ERROR: Pico second stage bootloader must be 256 bytes in size)

.text           0x0000000010000100     0x6020
                0x0000000010000100                __logical_binary_start = .
 *(.vectors)
 .vectors       0x0000000010000100       0xd4 CMakeFiles/electronic_load_pico.dir/home/pedrohcs8/pico/pico-sdk/src/rp2_common/pico_standard_link/crt0.S.obj
                0x0000000010000100                __vectors
                0x0000000010000100                __VECTOR_TABLE
                0x00000000100001c0                isr_invalid
                0x00000000100001c0                __default_isrs_start
                0x00000000100001c2                isr_nmi
                0x00000000100001c4                isr_hardfault
                0x00000000100001c6                isr_svcall
                0x00000000100001c8                isr_pendsv
                0x00000000100001ca                isr_systick
                0x00000000100001cc                isr_irq30
                0x00000000100001cc                __unhandled_user_irq
                0x00000000100001cc                isr_irq13
                0x00000000100001cc                isr_irq27
                0x00000000100001cc                isr_irq31
                0x00000000100001cc                isr_irq5
                0x00000000100001cc                isr_irq11
                0x00000000100001cc                isr_irq23
                0x00000000100001cc                isr_irq18
                0x00000000100001cc                isr_irq28
                0x00000000100001cc                isr_irq19
                0x00000000100001cc                isr_irq0
                0x00000000100001cc                isr_irq6
                0x00000000100001cc                isr_irq22
                0x00000000100001cc                isr_irq17
                0x00000000100001cc                isr_irq14
                0x00000000100001cc                isr_irq2
                0x00000000100001cc                isr_irq10
                0x00000000100001cc                isr_irq8
                0x00000000100001cc                isr_irq24
                0x00000000100001cc                isr_irq1
                0x00000000100001cc                isr_irq7
                0x00000000100001cc                isr_irq21
                0x00000000100001cc                isr_irq20
                0x00000000100001cc                isr_irq15
                0x00000000100001cc                isr_irq25
                0x00000000100001cc                isr_irq4
                0x00000000100001cc                isr_irq16
                0x00000000100001cc                isr_irq29
                0x00000000100001cc                isr_irq26
                0x00000000100001cc                __default_isrs_end
                0x00000000100001cc                isr_irq3
                0x00000000100001cc                isr_irq12
                0x00000000100001cc                isr_irq9
                0x00000000100001d2                unhandled_user_irq_num_in_r0
 *(.binary_info_header)
 .binary_info_header
                0x00000000100001d4       0x14 CMakeFiles/electronic_load_pico.dir/home/pedrohcs8/pico/pico-sdk/src/rp2_common/pico_standard_link/crt0.S.obj
                0x00000000100001e8                __binary_info_header_end = .
 *(.reset)
 .reset         0x00000000100001e8       0xa0 CMakeFiles/electronic_load_pico.dir/home/pedrohcs8/pico/pico-sdk/src/rp2_common/pico_standard_link/crt0.S.obj
                0x00000000100001e8                _entry_point
 .reset         0x0000000010000288       0x30 CMakeFiles/electronic_load_pico.dir/home/pedrohcs8/pico/pico-sdk/src/rp2_common/pico_standard_link/binary_info.c.obj
 *(.init)
 .init          0x00000000100002b8        0x4 /usr/lib/gcc/arm-none-eabi/10.3.1/thumb/v6-m/nofp/crti.o
                0x00000000100002b8                _init
 *(EXCLUDE_FILE(*libm.a: *libc.a:*lib_a-mem*.o *libgcc.a:) .text*)
 .text          0x00000000100002bc       0x98 /usr/lib/gcc/arm-none-eabi/10.3.1/thumb/v6-m/nofp/crtbegin.o
 .text.initLCD  0x0000000010000354      0x1c0 CMakeFiles/electronic_load_pico.dir/i2c_lcd_lib.c.obj
                0x0000000010000354                initLCD
 .text.clear_display
                0x0000000010000514       0x94 CMakeFiles/electronic_load_pico.dir/i2c_lcd_lib.c.obj
                0x0000000010000514                clear_display
 .text.writeText
                0x00000000100005a8       0xd0 CMakeFiles/electronic_load_pico.dir/i2c_lcd_lib.c.obj
                0x00000000100005a8                writeText
 .text.writeHex
                0x0000000010000678       0x90 CMakeFiles/electronic_load_pico.dir/i2c_lcd_lib.c.obj
                0x0000000010000678                writeHex
 .text.writeInt
                0x0000000010000708       0x8c CMakeFiles/electronic_load_pico.dir/i2c_lcd_lib.c.obj
                0x0000000010000708                writeInt
 .text.moveCursorLine
                0x0000000010000794       0xa4 CMakeFiles/electronic_load_pico.dir/i2c_lcd_lib.c.obj
                0x0000000010000794                moveCursorLine
 .text.display2Int
                0x0000000010000838      0x1d4 CMakeFiles/electronic_load_pico.dir/i2c_lcd_lib.c.obj
                0x0000000010000838                display2Int
 .text.display4Int
                0x0000000010000a0c      0x574 CMakeFiles/electronic_load_pico.dir/i2c_lcd_lib.c.obj
                0x0000000010000a0c                display4Int
 .text.initADS  0x0000000010000f80       0x48 CMakeFiles/electronic_load_pico.dir/ads1015_lib.c.obj
                0x0000000010000f80                initADS
 .text.readConversionReg
                0x0000000010000fc8       0x38 CMakeFiles/electronic_load_pico.dir/ads1015_lib.c.obj
                0x0000000010000fc8                readConversionReg
 .text.computeVolts
                0x0000000010001000       0x6c CMakeFiles/electronic_load_pico.dir/ads1015_lib.c.obj
                0x0000000010001000                computeVolts
 .text.setCompareMode
                0x000000001000106c       0x40 CMakeFiles/electronic_load_pico.dir/ads1015_lib.c.obj
                0x000000001000106c                setCompareMode
 .text.conversionReady
                0x00000000100010ac       0x38 CMakeFiles/electronic_load_pico.dir/ads1015_lib.c.obj
                0x00000000100010ac                conversionReady
 .text.initMCP  0x00000000100010e4       0x74 CMakeFiles/electronic_load_pico.dir/mcp4725_lib.c.obj
                0x00000000100010e4                initMCP
 .text.writeDec
                0x0000000010001158       0x40 CMakeFiles/electronic_load_pico.dir/mcp4725_lib.c.obj
                0x0000000010001158                writeDec
 .text.readEncoder
                0x0000000010001198       0xc4 CMakeFiles/electronic_load_pico.dir/main.c.obj
                0x0000000010001198                readEncoder
 .text.refreshDisplayCallback
                0x000000001000125c      0x10c CMakeFiles/electronic_load_pico.dir/main.c.obj
                0x000000001000125c                refreshDisplayCallback
 .text.bttTesterRefresh
                0x0000000010001368      0x148 CMakeFiles/electronic_load_pico.dir/main.c.obj
                0x0000000010001368                bttTesterRefresh
 .text.core1_main
                0x00000000100014b0       0x6c CMakeFiles/electronic_load_pico.dir/main.c.obj
                0x00000000100014b0                core1_main
 .text.startup.main
                0x000000001000151c      0x1f8 CMakeFiles/electronic_load_pico.dir/main.c.obj
                0x000000001000151c                main
 .text.gpio_default_irq_handler
                0x0000000010001714      0x248 CMakeFiles/electronic_load_pico.dir/home/pedrohcs8/pico/pico-sdk/src/rp2_common/hardware_gpio/gpio.c.obj
 .text.gpio_set_function
                0x000000001000195c       0x30 CMakeFiles/electronic_load_pico.dir/home/pedrohcs8/pico/pico-sdk/src/rp2_common/hardware_gpio/gpio.c.obj
                0x000000001000195c                gpio_set_function
 .text.gpio_set_pulls
                0x000000001000198c       0x30 CMakeFiles/electronic_load_pico.dir/home/pedrohcs8/pico/pico-sdk/src/rp2_common/hardware_gpio/gpio.c.obj
                0x000000001000198c                gpio_set_pulls
 .text.gpio_set_irq_enabled
                0x00000000100019bc       0x54 CMakeFiles/electronic_load_pico.dir/home/pedrohcs8/pico/pico-sdk/src/rp2_common/hardware_gpio/gpio.c.obj
                0x00000000100019bc                gpio_set_irq_enabled
 .text.gpio_set_irq_enabled_with_callback
                0x0000000010001a10       0xb0 CMakeFiles/electronic_load_pico.dir/home/pedrohcs8/pico/pico-sdk/src/rp2_common/hardware_gpio/gpio.c.obj
                0x0000000010001a10                gpio_set_irq_enabled_with_callback
 .text.running_on_fpga
                0x0000000010001ac0       0x10 CMakeFiles/electronic_load_pico.dir/home/pedrohcs8/pico/pico-sdk/src/rp2_common/pico_platform/platform.c.obj
                0x0000000010001ac0                running_on_fpga
 .text.hw_claim_or_assert
                0x0000000010001ad0       0x44 CMakeFiles/electronic_load_pico.dir/home/pedrohcs8/pico/pico-sdk/src/rp2_common/hardware_claim/claim.c.obj
                0x0000000010001ad0                hw_claim_or_assert
 .text.spin_locks_reset
                0x0000000010001b14       0x1c CMakeFiles/electronic_load_pico.dir/home/pedrohcs8/pico/pico-sdk/src/rp2_common/hardware_sync/sync.c.obj
                0x0000000010001b14                spin_locks_reset
 .text.next_striped_spin_lock_num
                0x0000000010001b30       0x18 CMakeFiles/electronic_load_pico.dir/home/pedrohcs8/pico/pico-sdk/src/rp2_common/hardware_sync/sync.c.obj
                0x0000000010001b30                next_striped_spin_lock_num
 .text.irq_set_enabled
                0x0000000010001b48       0x24 CMakeFiles/electronic_load_pico.dir/home/pedrohcs8/pico/pico-sdk/src/rp2_common/hardware_irq/irq.c.obj
                0x0000000010001b48                irq_set_enabled
 .text.irq_is_enabled
                0x0000000010001b6c       0x18 CMakeFiles/electronic_load_pico.dir/home/pedrohcs8/pico/pico-sdk/src/rp2_common/hardware_irq/irq.c.obj
                0x0000000010001b6c                irq_is_enabled
 .text.irq_get_vtable_handler
                0x0000000010001b84       0x10 CMakeFiles/electronic_load_pico.dir/home/pedrohcs8/pico/pico-sdk/src/rp2_common/hardware_irq/irq.c.obj
                0x0000000010001b84                irq_get_vtable_handler
 .text.irq_set_exclusive_handler
                0x0000000010001b94       0x54 CMakeFiles/electronic_load_pico.dir/home/pedrohcs8/pico/pico-sdk/src/rp2_common/hardware_irq/irq.c.obj
                0x0000000010001b94                irq_set_exclusive_handler
 .text.irq_add_shared_handler
                0x0000000010001be8      0x1e8 CMakeFiles/electronic_load_pico.dir/home/pedrohcs8/pico/pico-sdk/src/rp2_common/hardware_irq/irq.c.obj
                0x0000000010001be8                irq_add_shared_handler
 .text.irq_remove_handler
                0x0000000010001dd0      0x1b0 CMakeFiles/electronic_load_pico.dir/home/pedrohcs8/pico/pico-sdk/src/rp2_common/hardware_irq/irq.c.obj
                0x0000000010001dd0                irq_remove_handler
 .text.irq_add_tail_to_free_list
                0x0000000010001f80       0xb4 CMakeFiles/electronic_load_pico.dir/home/pedrohcs8/pico/pico-sdk/src/rp2_common/hardware_irq/irq.c.obj
                0x0000000010001f80                irq_add_tail_to_free_list
 .text.irq_init_priorities
                0x0000000010002034       0x24 CMakeFiles/electronic_load_pico.dir/home/pedrohcs8/pico/pico-sdk/src/rp2_common/hardware_irq/irq.c.obj
                0x0000000010002034                irq_init_priorities
 .text.lock_init
                0x0000000010002058       0x10 CMakeFiles/electronic_load_pico.dir/home/pedrohcs8/pico/pico-sdk/src/common/pico_sync/lock_core.c.obj
                0x0000000010002058                lock_init
 .text.mutex_init
                0x0000000010002068       0x1c CMakeFiles/electronic_load_pico.dir/home/pedrohcs8/pico/pico-sdk/src/common/pico_sync/mutex.c.obj
                0x0000000010002068                mutex_init
 .text.recursive_mutex_init
                0x0000000010002084       0x1c CMakeFiles/electronic_load_pico.dir/home/pedrohcs8/pico/pico-sdk/src/common/pico_sync/mutex.c.obj
                0x0000000010002084                recursive_mutex_init
 .text.timer_pool_entry_comparator
                0x00000000100020a0       0x34 CMakeFiles/electronic_load_pico.dir/home/pedrohcs8/pico/pico-sdk/src/common/pico_time/time.c.obj
                0x00000000100020a0                timer_pool_entry_comparator
 .text.sleep_until_callback
                0x00000000100020d4       0x30 CMakeFiles/electronic_load_pico.dir/home/pedrohcs8/pico/pico-sdk/src/common/pico_time/time.c.obj
 .text.add_alarm_under_lock.isra.0
                0x0000000010002104      0x100 CMakeFiles/electronic_load_pico.dir/home/pedrohcs8/pico/pico-sdk/src/common/pico_time/time.c.obj
 .text.alarm_pool_alarm_callback
                0x0000000010002204      0x1bc CMakeFiles/electronic_load_pico.dir/home/pedrohcs8/pico/pico-sdk/src/common/pico_time/time.c.obj
 .text.alarm_pool_init_default
                0x00000000100023c0       0x6c CMakeFiles/electronic_load_pico.dir/home/pedrohcs8/pico/pico-sdk/src/common/pico_time/time.c.obj
                0x00000000100023c0                alarm_pool_init_default
 .text.alarm_pool_add_alarm_at
                0x000000001000242c      0x178 CMakeFiles/electronic_load_pico.dir/home/pedrohcs8/pico/pico-sdk/src/common/pico_time/time.c.obj
                0x000000001000242c                alarm_pool_add_alarm_at
 .text.sleep_until
                0x00000000100025a4       0xc4 CMakeFiles/electronic_load_pico.dir/home/pedrohcs8/pico/pico-sdk/src/common/pico_time/time.c.obj
                0x00000000100025a4                sleep_until
 .text.sleep_ms
                0x0000000010002668       0x34 CMakeFiles/electronic_load_pico.dir/home/pedrohcs8/pico/pico-sdk/src/common/pico_time/time.c.obj
                0x0000000010002668                sleep_ms
 .text.best_effort_wfe_or_timeout
                0x000000001000269c       0xd4 CMakeFiles/electronic_load_pico.dir/home/pedrohcs8/pico/pico-sdk/src/common/pico_time/time.c.obj
                0x000000001000269c                best_effort_wfe_or_timeout
 .text.hardware_alarm_irq_handler
                0x0000000010002770       0xbc CMakeFiles/electronic_load_pico.dir/home/pedrohcs8/pico/pico-sdk/src/rp2_common/hardware_timer/timer.c.obj
 .text.hardware_alarm_claim
                0x000000001000282c       0x18 CMakeFiles/electronic_load_pico.dir/home/pedrohcs8/pico/pico-sdk/src/rp2_common/hardware_timer/timer.c.obj
                0x000000001000282c                hardware_alarm_claim
 .text.time_us_64
                0x0000000010002844       0x14 CMakeFiles/electronic_load_pico.dir/home/pedrohcs8/pico/pico-sdk/src/rp2_common/hardware_timer/timer.c.obj
                0x0000000010002844                time_us_64
 .text.busy_wait_until
                0x0000000010002858       0x20 CMakeFiles/electronic_load_pico.dir/home/pedrohcs8/pico/pico-sdk/src/rp2_common/hardware_timer/timer.c.obj
                0x0000000010002858                busy_wait_until
 .text.hardware_alarm_set_callback
                0x0000000010002878       0x8c CMakeFiles/electronic_load_pico.dir/home/pedrohcs8/pico/pico-sdk/src/rp2_common/hardware_timer/timer.c.obj
                0x0000000010002878                hardware_alarm_set_callback
 .text.hardware_alarm_set_target
                0x0000000010002904       0xd4 CMakeFiles/electronic_load_pico.dir/home/pedrohcs8/pico/pico-sdk/src/rp2_common/hardware_timer/timer.c.obj
                0x0000000010002904                hardware_alarm_set_target
 .text.hardware_alarm_cancel
                0x00000000100029d8       0x3c CMakeFiles/electronic_load_pico.dir/home/pedrohcs8/pico/pico-sdk/src/rp2_common/hardware_timer/timer.c.obj
                0x00000000100029d8                hardware_alarm_cancel
 .text.ph_merge_nodes
                0x0000000010002a14       0x68 CMakeFiles/electronic_load_pico.dir/home/pedrohcs8/pico/pico-sdk/src/common/pico_util/pheap.c.obj
 .text.ph_post_alloc_init
                0x0000000010002a7c       0x3c CMakeFiles/electronic_load_pico.dir/home/pedrohcs8/pico/pico-sdk/src/common/pico_util/pheap.c.obj
                0x0000000010002a7c                ph_post_alloc_init
 .text.ph_merge_two_pass
                0x0000000010002ab8       0x90 CMakeFiles/electronic_load_pico.dir/home/pedrohcs8/pico/pico-sdk/src/common/pico_util/pheap.c.obj
                0x0000000010002ab8                ph_merge_two_pass
 .text.ph_remove_any_head
                0x0000000010002b48      0x100 CMakeFiles/electronic_load_pico.dir/home/pedrohcs8/pico/pico-sdk/src/common/pico_util/pheap.c.obj
 .text.ph_remove_head
                0x0000000010002c48      0x104 CMakeFiles/electronic_load_pico.dir/home/pedrohcs8/pico/pico-sdk/src/common/pico_util/pheap.c.obj
                0x0000000010002c48                ph_remove_head
 .text.ph_remove_and_free_node
                0x0000000010002d4c       0x7c CMakeFiles/electronic_load_pico.dir/home/pedrohcs8/pico/pico-sdk/src/common/pico_util/pheap.c.obj
                0x0000000010002d4c                ph_remove_and_free_node
 .text.clocks_init
                0x0000000010002dc8      0x2d0 CMakeFiles/electronic_load_pico.dir/home/pedrohcs8/pico/pico-sdk/src/rp2_common/hardware_clocks/clocks.c.obj
                0x0000000010002dc8                clocks_init
 .text.clock_get_hz
                0x0000000010003098        0xc CMakeFiles/electronic_load_pico.dir/home/pedrohcs8/pico/pico-sdk/src/rp2_common/hardware_clocks/clocks.c.obj
                0x0000000010003098                clock_get_hz
 .text.pll_init
                0x00000000100030a4       0xa0 CMakeFiles/electronic_load_pico.dir/home/pedrohcs8/pico/pico-sdk/src/rp2_common/hardware_pll/pll.c.obj
                0x00000000100030a4                pll_init
 .text.watchdog_start_tick
                0x0000000010003144       0x10 CMakeFiles/electronic_load_pico.dir/home/pedrohcs8/pico/pico-sdk/src/rp2_common/hardware_watchdog/watchdog.c.obj
                0x0000000010003144                watchdog_start_tick
 .text.xosc_init
                0x0000000010003154       0x28 CMakeFiles/electronic_load_pico.dir/home/pedrohcs8/pico/pico-sdk/src/rp2_common/hardware_xosc/xosc.c.obj
                0x0000000010003154                xosc_init
 .text.runtime_init
                0x000000001000317c       0xf0 CMakeFiles/electronic_load_pico.dir/home/pedrohcs8/pico/pico-sdk/src/rp2_common/pico_runtime/runtime.c.obj
                0x000000001000317c                runtime_init
 .text._exit    0x000000001000326c        0x4 CMakeFiles/electronic_load_pico.dir/home/pedrohcs8/pico/pico-sdk/src/rp2_common/pico_runtime/runtime.c.obj
                0x000000001000326c                _exit
 .text.exit     0x0000000010003270        0x8 CMakeFiles/electronic_load_pico.dir/home/pedrohcs8/pico/pico-sdk/src/rp2_common/pico_runtime/runtime.c.obj
                0x0000000010003270                exit
 .text.panic    0x0000000010003278       0x30 CMakeFiles/electronic_load_pico.dir/home/pedrohcs8/pico/pico-sdk/src/rp2_common/pico_runtime/runtime.c.obj
                0x0000000010003278                panic
 .text.hard_assertion_failure
                0x00000000100032a8        0xc CMakeFiles/electronic_load_pico.dir/home/pedrohcs8/pico/pico-sdk/src/rp2_common/pico_runtime/runtime.c.obj
                0x00000000100032a8                hard_assertion_failure
 .text._out_buffer
                0x00000000100032b4        0x8 CMakeFiles/electronic_load_pico.dir/home/pedrohcs8/pico/pico-sdk/src/rp2_common/pico_printf/printf.c.obj
 .text._out_null
                0x00000000100032bc        0x4 CMakeFiles/electronic_load_pico.dir/home/pedrohcs8/pico/pico-sdk/src/rp2_common/pico_printf/printf.c.obj
 .text._out_rev
                0x00000000100032c0       0x9c CMakeFiles/electronic_load_pico.dir/home/pedrohcs8/pico/pico-sdk/src/rp2_common/pico_printf/printf.c.obj
 .text._ntoa_format
                0x000000001000335c      0x1cc CMakeFiles/electronic_load_pico.dir/home/pedrohcs8/pico/pico-sdk/src/rp2_common/pico_printf/printf.c.obj
 .text._out_char
                0x0000000010003528       0x10 CMakeFiles/electronic_load_pico.dir/home/pedrohcs8/pico/pico-sdk/src/rp2_common/pico_printf/printf.c.obj
 .text._etoa    0x0000000010003538      0x44c CMakeFiles/electronic_load_pico.dir/home/pedrohcs8/pico/pico-sdk/src/rp2_common/pico_printf/printf.c.obj
 .text._ftoa    0x0000000010003984      0x398 CMakeFiles/electronic_load_pico.dir/home/pedrohcs8/pico/pico-sdk/src/rp2_common/pico_printf/printf.c.obj
 .text._vsnprintf
                0x0000000010003d1c      0xb04 CMakeFiles/electronic_load_pico.dir/home/pedrohcs8/pico/pico-sdk/src/rp2_common/pico_printf/printf.c.obj
 .text.__wrap_sprintf
                0x0000000010004820       0x28 CMakeFiles/electronic_load_pico.dir/home/pedrohcs8/pico/pico-sdk/src/rp2_common/pico_printf/printf.c.obj
                0x0000000010004820                __wrap_sprintf
 .text.__wrap_snprintf
                0x0000000010004848       0x28 CMakeFiles/electronic_load_pico.dir/home/pedrohcs8/pico/pico-sdk/src/rp2_common/pico_printf/printf.c.obj
                0x0000000010004848                __wrap_snprintf
 .text.weak_raw_vprintf
                0x0000000010004870       0x30 CMakeFiles/electronic_load_pico.dir/home/pedrohcs8/pico/pico-sdk/src/rp2_common/pico_printf/printf.c.obj
                0x0000000010004870                weak_raw_vprintf
 .text          0x00000000100048a0       0x10 CMakeFiles/electronic_load_pico.dir/home/pedrohcs8/pico/pico-sdk/src/rp2_common/pico_bit_ops/bit_ops_aeabi.S.obj
 .text.rom_func_lookup
                0x00000000100048b0       0x10 CMakeFiles/electronic_load_pico.dir/home/pedrohcs8/pico/pico-sdk/src/rp2_common/pico_bootrom/bootrom.c.obj
                0x00000000100048b0                rom_func_lookup
 .text.rom_data_lookup
                0x00000000100048c0       0x10 CMakeFiles/electronic_load_pico.dir/home/pedrohcs8/pico/pico-sdk/src/rp2_common/pico_bootrom/bootrom.c.obj
                0x00000000100048c0                rom_data_lookup
 .text.rom_funcs_lookup
                0x00000000100048d0       0x44 CMakeFiles/electronic_load_pico.dir/home/pedrohcs8/pico/pico-sdk/src/rp2_common/pico_bootrom/bootrom.c.obj
                0x00000000100048d0                rom_funcs_lookup
 .text.__wrap___aeabi_idiv
                0x0000000010004914       0x50 CMakeFiles/electronic_load_pico.dir/home/pedrohcs8/pico/pico-sdk/src/rp2_common/pico_divider/divider.S.obj
                0x0000000010004914                __wrap___aeabi_idivmod
                0x0000000010004914                divmod_s32s32
                0x0000000010004914                div_s32s32
                0x0000000010004914                __wrap___aeabi_idiv
                0x000000001000491c                divmod_s32s32_unsafe
                0x0000000010004948                divmod_s32s32_savestate
 .text.__wrap___aeabi_uidiv
                0x0000000010004964       0x4c CMakeFiles/electronic_load_pico.dir/home/pedrohcs8/pico/pico-sdk/src/rp2_common/pico_divider/divider.S.obj
                0x0000000010004964                __wrap___aeabi_uidiv
                0x0000000010004964                __wrap___aeabi_uidivmod
                0x0000000010004964                div_u32u32
                0x0000000010004964                divmod_u32u32
                0x000000001000496c                divmod_u32u32_unsafe
                0x0000000010004994                divmod_u32u32_savestate
 .text.__wrap___aeabi_ldiv
                0x00000000100049b0      0x424 CMakeFiles/electronic_load_pico.dir/home/pedrohcs8/pico/pico-sdk/src/rp2_common/pico_divider/divider.S.obj
                0x00000000100049b0                div_s64s64
                0x00000000100049b0                divmod_s64s64
                0x00000000100049b0                __wrap___aeabi_ldivmod
                0x00000000100049e0                div_u64u64
                0x00000000100049e0                divmod_u64u64
                0x00000000100049e0                __wrap___aeabi_uldivmod
                0x00000000100049f0                divmod_u64u64_savestate
                0x0000000010004a10                divmod_s64s64_unsafe
                0x0000000010004a98                divmod_u64u64_unsafe
 .text.__wrap___aeabi_darithmetic
                0x0000000010004dd4       0x80 CMakeFiles/electronic_load_pico.dir/home/pedrohcs8/pico/pico-sdk/src/rp2_common/pico_double/double_aeabi.S.obj
                0x0000000010004dd4                __wrap___aeabi_drsub
                0x0000000010004dda                __wrap___aeabi_dsub
                0x0000000010004dec                __wrap___aeabi_dadd
                0x0000000010004dfe                __wrap___aeabi_ddiv
                0x0000000010004e3a                __wrap___aeabi_dmul
 .text.__wrap___aeabi_cdcmple
                0x0000000010004e54       0x6c CMakeFiles/electronic_load_pico.dir/home/pedrohcs8/pico/pico-sdk/src/rp2_common/pico_double/double_aeabi.S.obj
                0x0000000010004e54                __wrap___aeabi_cdrcmple
                0x0000000010004e64                __wrap___aeabi_cdcmple
                0x0000000010004e64                __wrap___aeabi_cdcmpeq
 .text.__wrap___aeabi_dcmplt
                0x0000000010004ec0        0xc CMakeFiles/electronic_load_pico.dir/home/pedrohcs8/pico/pico-sdk/src/rp2_common/pico_double/double_aeabi.S.obj
                0x0000000010004ec0                __wrap___aeabi_dcmplt
 .text.__wrap___aeabi_dcmple
                0x0000000010004ecc       0x10 CMakeFiles/electronic_load_pico.dir/home/pedrohcs8/pico/pico-sdk/src/rp2_common/pico_double/double_aeabi.S.obj
                0x0000000010004ecc                __wrap___aeabi_dcmple
 .text.__wrap___aeabi_dcmpge
                0x0000000010004edc       0x10 CMakeFiles/electronic_load_pico.dir/home/pedrohcs8/pico/pico-sdk/src/rp2_common/pico_double/double_aeabi.S.obj
                0x0000000010004edc                __wrap___aeabi_dcmpge
 .text.__wrap___aeabi_dcmpgt
                0x0000000010004eec        0xa CMakeFiles/electronic_load_pico.dir/home/pedrohcs8/pico/pico-sdk/src/rp2_common/pico_double/double_aeabi.S.obj
                0x0000000010004eec                __wrap___aeabi_dcmpgt
 .text.__wrap___aeabi_dcmpun
                0x0000000010004ef6       0x1c CMakeFiles/electronic_load_pico.dir/home/pedrohcs8/pico/pico-sdk/src/rp2_common/pico_double/double_aeabi.S.obj
                0x0000000010004ef6                __wrap___aeabi_dcmpun
 *fill*         0x0000000010004f12        0x2 
 .text.__wrap___aeabi_i2d
                0x0000000010004f14       0x38 CMakeFiles/electronic_load_pico.dir/home/pedrohcs8/pico/pico-sdk/src/rp2_common/pico_double/double_aeabi.S.obj
                0x0000000010004f14                __wrap___aeabi_ui2d
                0x0000000010004f1c                __wrap___aeabi_i2d
 .text.__wrap___aeabi_d2iz
                0x0000000010004f4c       0x48 CMakeFiles/electronic_load_pico.dir/home/pedrohcs8/pico/pico-sdk/src/rp2_common/pico_double/double_aeabi.S.obj
                0x0000000010004f4c                __wrap___aeabi_d2iz
                0x0000000010004f4c                double2int_z
 .text.__wrap___aeabi_d2uiz
                0x0000000010004f94       0x18 CMakeFiles/electronic_load_pico.dir/home/pedrohcs8/pico/pico-sdk/src/rp2_common/pico_double/double_aeabi.S.obj
                0x0000000010004f94                double2uint
                0x0000000010004f94                __wrap___aeabi_d2uiz
 .text.__wrap___aeabi_d2f
                0x0000000010004fac       0x18 CMakeFiles/electronic_load_pico.dir/home/pedrohcs8/pico/pico-sdk/src/rp2_common/pico_double/double_aeabi.S.obj
                0x0000000010004fac                __wrap___aeabi_d2f
 .text.__aeabi_double_init
                0x0000000010004fc4       0x94 CMakeFiles/electronic_load_pico.dir/home/pedrohcs8/pico/pico-sdk/src/rp2_common/pico_double/double_init_rom.c.obj
                0x0000000010004fc4                __aeabi_double_init
 .text.double_table_shim_on_use_helper
                0x0000000010005058       0x2c CMakeFiles/electronic_load_pico.dir/home/pedrohcs8/pico/pico-sdk/src/rp2_common/pico_double/double_v1_rom_shim.S.obj
                0x0000000010005058                double_table_shim_on_use_helper
 .text.__wrap___aeabi_dsub
                0x0000000010005084       0x10 CMakeFiles/electronic_load_pico.dir/home/pedrohcs8/pico/pico-sdk/src/rp2_common/pico_double/double_v1_rom_shim.S.obj
                0x0000000010005084                drsub_shim
                0x000000001000508a                dsub_shim
 .text.dadd_shim
                0x0000000010005094      0x15c CMakeFiles/electronic_load_pico.dir/home/pedrohcs8/pico/pico-sdk/src/rp2_common/pico_double/double_v1_rom_shim.S.obj
                0x0000000010005094                dadd_shim
 .text.dmul_shim
                0x00000000100051f0      0x15c CMakeFiles/electronic_load_pico.dir/home/pedrohcs8/pico/pico-sdk/src/rp2_common/pico_double/double_v1_rom_shim.S.obj
                0x00000000100051f0                dmul_shim
 .text.ddiv_shim
                0x000000001000534c      0x1b0 CMakeFiles/electronic_load_pico.dir/home/pedrohcs8/pico/pico-sdk/src/rp2_common/pico_double/double_v1_rom_shim.S.obj
                0x000000001000534c                ddiv_shim
 .text.double2uint_shim
                0x00000000100054fc        0xe CMakeFiles/electronic_load_pico.dir/home/pedrohcs8/pico/pico-sdk/src/rp2_common/pico_double/double_v1_rom_shim.S.obj
                0x00000000100054fc                double2uint_shim
                0x00000000100054fe                double2ufix_shim
 *fill*         0x000000001000550a        0x2 
 .text.double2uint64_shim
                0x000000001000550c       0x70 CMakeFiles/electronic_load_pico.dir/home/pedrohcs8/pico/pico-sdk/src/rp2_common/pico_double/double_v1_rom_shim.S.obj
                0x000000001000550c                double2uint64_shim
                0x000000001000550e                double2ufix64_shim
                0x000000001000552e                d2fix_a
 .text.double2float_shim
                0x000000001000557c       0x5c CMakeFiles/electronic_load_pico.dir/home/pedrohcs8/pico/pico-sdk/src/rp2_common/pico_double/double_v1_rom_shim.S.obj
                0x000000001000557c                double2float_shim
 .text.dunpacks
                0x00000000100055d8       0x3c CMakeFiles/electronic_load_pico.dir/home/pedrohcs8/pico/pico-sdk/src/rp2_common/pico_double/double_v1_rom_shim.S.obj
                0x00000000100055d8                dunpacks
 .text.__aeabi_lmul
                0x0000000010005614       0x32 CMakeFiles/electronic_load_pico.dir/home/pedrohcs8/pico/pico-sdk/src/rp2_common/pico_int64_ops/pico_int64_ops_aeabi.S.obj
                0x0000000010005614                __wrap___aeabi_lmul
 *fill*         0x0000000010005646        0x2 
 .text.__wrap___aeabi_farithmetic
                0x0000000010005648       0x48 CMakeFiles/electronic_load_pico.dir/home/pedrohcs8/pico/pico-sdk/src/rp2_common/pico_float/float_aeabi.S.obj
                0x0000000010005648                __wrap___aeabi_frsub
                0x000000001000564e                __wrap___aeabi_fsub
                0x0000000010005654                __wrap___aeabi_fadd
                0x000000001000565a                __wrap___aeabi_fdiv
                0x0000000010005682                __wrap___aeabi_fmul
 .text.__wrap___aeabi_cfcmple
                0x0000000010005690       0x50 CMakeFiles/electronic_load_pico.dir/home/pedrohcs8/pico/pico-sdk/src/rp2_common/pico_float/float_aeabi.S.obj
                0x0000000010005690                __wrap___aeabi_cfrcmple
                0x000000001000569c                __wrap___aeabi_cfcmpeq
                0x000000001000569c                __wrap___aeabi_cfcmple
 .text.__wrap___aeabi_fcmpgt
                0x00000000100056e0        0xa CMakeFiles/electronic_load_pico.dir/home/pedrohcs8/pico/pico-sdk/src/rp2_common/pico_float/float_aeabi.S.obj
                0x00000000100056e0                __wrap___aeabi_fcmpgt
 .text.__wrap___aeabi_ui2f
                0x00000000100056ea        0xa CMakeFiles/electronic_load_pico.dir/home/pedrohcs8/pico/pico-sdk/src/rp2_common/pico_float/float_aeabi.S.obj
                0x00000000100056ea                __wrap___aeabi_ui2f
 .text.__wrap___aeabi_i2f
                0x00000000100056f4       0x44 CMakeFiles/electronic_load_pico.dir/home/pedrohcs8/pico/pico-sdk/src/rp2_common/pico_float/float_aeabi.S.obj
                0x00000000100056f4                __wrap___aeabi_i2f
 .text.__wrap___aeabi_f2iz
                0x0000000010005738       0x4e CMakeFiles/electronic_load_pico.dir/home/pedrohcs8/pico/pico-sdk/src/rp2_common/pico_float/float_aeabi.S.obj
                0x0000000010005738                __wrap___aeabi_f2iz
                0x0000000010005738                float2int_z
 *fill*         0x0000000010005786        0x2 
 .text.float2int
                0x0000000010005788       0x14 CMakeFiles/electronic_load_pico.dir/home/pedrohcs8/pico/pico-sdk/src/rp2_common/pico_float/float_aeabi.S.obj
                0x0000000010005788                float2int
 .text.__wrap___aeabi_f2uiz
                0x000000001000579c        0xc CMakeFiles/electronic_load_pico.dir/home/pedrohcs8/pico/pico-sdk/src/rp2_common/pico_float/float_aeabi.S.obj
                0x000000001000579c                __wrap___aeabi_f2uiz
 .text.__wrap___aeabi_f2d
                0x00000000100057a8       0x14 CMakeFiles/electronic_load_pico.dir/home/pedrohcs8/pico/pico-sdk/src/rp2_common/pico_float/float_aeabi.S.obj
                0x00000000100057a8                __wrap___aeabi_f2d
 .text.__aeabi_float_init
                0x00000000100057bc       0x64 CMakeFiles/electronic_load_pico.dir/home/pedrohcs8/pico/pico-sdk/src/rp2_common/pico_float/float_init_rom.c.obj
                0x00000000100057bc                __aeabi_float_init
 .text.float_table_shim_on_use_helper
                0x0000000010005820       0x2c CMakeFiles/electronic_load_pico.dir/home/pedrohcs8/pico/pico-sdk/src/rp2_common/pico_float/float_v1_rom_shim.S.obj
                0x0000000010005820                float_table_shim_on_use_helper
 .text.float232_shims
                0x000000001000584c       0x18 CMakeFiles/electronic_load_pico.dir/home/pedrohcs8/pico/pico-sdk/src/rp2_common/pico_float/float_v1_rom_shim.S.obj
                0x000000001000584c                float2int_shim
                0x000000001000584e                float2fix_shim
 .text.float2double_shim
                0x0000000010005864       0x30 CMakeFiles/electronic_load_pico.dir/home/pedrohcs8/pico/pico-sdk/src/rp2_common/pico_float/float_v1_rom_shim.S.obj
                0x0000000010005864                float2double_shim
 .text          0x0000000010005894       0x10 CMakeFiles/electronic_load_pico.dir/home/pedrohcs8/pico/pico-sdk/src/rp2_common/pico_mem_ops/mem_ops_aeabi.S.obj
                0x0000000010005894                __aeabi_mem_init
 .text.memset   0x00000000100058a4        0xc CMakeFiles/electronic_load_pico.dir/home/pedrohcs8/pico/pico-sdk/src/rp2_common/pico_mem_ops/mem_ops_aeabi.S.obj
                0x00000000100058a4                __wrap_memset
 .text.memcpy   0x00000000100058b0        0xc CMakeFiles/electronic_load_pico.dir/home/pedrohcs8/pico/pico-sdk/src/rp2_common/pico_mem_ops/mem_ops_aeabi.S.obj
                0x00000000100058b0                __wrap___aeabi_memcpy
                0x00000000100058b0                __wrap_memcpy
 .text.stdio_out_chars_no_crlf
                0x00000000100058bc       0x10 CMakeFiles/electronic_load_pico.dir/home/pedrohcs8/pico/pico-sdk/src/rp2_common/pico_stdio/stdio.c.obj
 .text.stdio_out_chars_crlf
                0x00000000100058cc       0xb4 CMakeFiles/electronic_load_pico.dir/home/pedrohcs8/pico/pico-sdk/src/rp2_common/pico_stdio/stdio.c.obj
 .text.stdio_put_string.isra.0
                0x0000000010005980       0xfc CMakeFiles/electronic_load_pico.dir/home/pedrohcs8/pico/pico-sdk/src/rp2_common/pico_stdio/stdio.c.obj
 .text.__wrap_putchar
                0x0000000010005a7c       0x98 CMakeFiles/electronic_load_pico.dir/home/pedrohcs8/pico/pico-sdk/src/rp2_common/pico_stdio/stdio.c.obj
                0x0000000010005a7c                __wrap_putchar
 .text.__wrap_puts
                0x0000000010005b14       0x3c CMakeFiles/electronic_load_pico.dir/home/pedrohcs8/pico/pico-sdk/src/rp2_common/pico_stdio/stdio.c.obj
                0x0000000010005b14                __wrap_puts
 .text.startup._retrieve_unique_id_on_boot
                0x0000000010005b50       0x10 CMakeFiles/electronic_load_pico.dir/home/pedrohcs8/pico/pico-sdk/src/rp2_common/pico_unique_id/unique_id.c.obj
 .text.flash_get_unique_id
                0x0000000010005b60       0x40 CMakeFiles/electronic_load_pico.dir/home/pedrohcs8/pico/pico-sdk/src/rp2_common/hardware_flash/flash.c.obj
                0x0000000010005b60                flash_get_unique_id
 .text.core1_trampoline
                0x0000000010005ba0        0x4 CMakeFiles/electronic_load_pico.dir/home/pedrohcs8/pico/pico-sdk/src/rp2_common/pico_multicore/multicore.c.obj
 .text.core1_wrapper
                0x0000000010005ba4        0xc CMakeFiles/electronic_load_pico.dir/home/pedrohcs8/pico/pico-sdk/src/rp2_common/pico_multicore/multicore.c.obj
                0x0000000010005ba4                core1_wrapper
 .text.multicore_launch_core1_raw
                0x0000000010005bb0       0x84 CMakeFiles/electronic_load_pico.dir/home/pedrohcs8/pico/pico-sdk/src/rp2_common/pico_multicore/multicore.c.obj
                0x0000000010005bb0                multicore_launch_core1_raw
 .text.multicore_launch_core1
                0x0000000010005c34       0x4c CMakeFiles/electronic_load_pico.dir/home/pedrohcs8/pico/pico-sdk/src/rp2_common/pico_multicore/multicore.c.obj
                0x0000000010005c34                multicore_launch_core1
 .text.i2c_set_baudrate
                0x0000000010005c80       0xc4 CMakeFiles/electronic_load_pico.dir/home/pedrohcs8/pico/pico-sdk/src/rp2_common/hardware_i2c/i2c.c.obj
                0x0000000010005c80                i2c_set_baudrate
 .text.i2c_init
                0x0000000010005d44       0x54 CMakeFiles/electronic_load_pico.dir/home/pedrohcs8/pico/pico-sdk/src/rp2_common/hardware_i2c/i2c.c.obj
                0x0000000010005d44                i2c_init
 .text.i2c_write_blocking
                0x0000000010005d98       0xd0 CMakeFiles/electronic_load_pico.dir/home/pedrohcs8/pico/pico-sdk/src/rp2_common/hardware_i2c/i2c.c.obj
                0x0000000010005d98                i2c_write_blocking
 .text.i2c_read_blocking
                0x0000000010005e68       0xac CMakeFiles/electronic_load_pico.dir/home/pedrohcs8/pico/pico-sdk/src/rp2_common/hardware_i2c/i2c.c.obj
                0x0000000010005e68                i2c_read_blocking
 .text.rtc_init
                0x0000000010005f14       0x38 CMakeFiles/electronic_load_pico.dir/home/pedrohcs8/pico/pico-sdk/src/rp2_common/hardware_rtc/rtc.c.obj
                0x0000000010005f14                rtc_init
 .text.rtc_set_datetime
                0x0000000010005f4c       0xac CMakeFiles/electronic_load_pico.dir/home/pedrohcs8/pico/pico-sdk/src/rp2_common/hardware_rtc/rtc.c.obj
                0x0000000010005f4c                rtc_set_datetime
 .text.rtc_get_datetime
                0x0000000010005ff8       0x44 CMakeFiles/electronic_load_pico.dir/home/pedrohcs8/pico/pico-sdk/src/rp2_common/hardware_rtc/rtc.c.obj
                0x0000000010005ff8                rtc_get_datetime
 .text          0x000000001000603c       0x5c /usr/lib/gcc/arm-none-eabi/10.3.1/../../../arm-none-eabi/lib/thumb/v6-m/nofp/libc.a(lib_a-strlen-stub.o)
                0x000000001000603c                strlen
 *(.fini)
 .fini          0x0000000010006098        0x4 /usr/lib/gcc/arm-none-eabi/10.3.1/thumb/v6-m/nofp/crti.o
                0x0000000010006098                _fini
 *fill*         0x000000001000609c        0x4 
 .fini.__stub   0x00000000100060a0       0x80 linker stubs
 *crtbegin.o(.ctors)
 *crtbegin?.o(.ctors)
 *(EXCLUDE_FILE(*crtend.o *crtend?.o) .ctors)
 *(SORT_BY_NAME(.ctors.*))
 *(.ctors)
 *crtbegin.o(.dtors)
 *crtbegin?.o(.dtors)
 *(EXCLUDE_FILE(*crtend.o *crtend?.o) .dtors)
 *(SORT_BY_NAME(.dtors.*))
 *(.dtors)
 *(.eh_frame*)
 .eh_frame      0x0000000010006120        0x0 /usr/lib/gcc/arm-none-eabi/10.3.1/thumb/v6-m/nofp/crtbegin.o
                0x0000000010006120                . = ALIGN (0x4)

.glue_7         0x0000000010006120        0x0
 .glue_7        0x0000000010006120        0x0 linker stubs

.glue_7t        0x0000000010006120        0x0
 .glue_7t       0x0000000010006120        0x0 linker stubs

.vfp11_veneer   0x0000000010006120        0x0
 .vfp11_veneer  0x0000000010006120        0x0 linker stubs

.v4_bx          0x0000000010006120        0x0
 .v4_bx         0x0000000010006120        0x0 linker stubs

.iplt           0x0000000010006120        0x0
 .iplt          0x0000000010006120        0x0 /usr/lib/gcc/arm-none-eabi/10.3.1/thumb/v6-m/nofp/crtbegin.o

.rodata         0x0000000010006120      0x31c
 *(EXCLUDE_FILE(*libm.a: *libc.a:*lib_a-mem*.o *libgcc.a:) .rodata*)
 .rodata.display2Int.str1.4
                0x0000000010006120        0x3 CMakeFiles/electronic_load_pico.dir/i2c_lcd_lib.c.obj
 *fill*         0x0000000010006123        0x1 
 .rodata.refreshDisplayCallback.str1.4
                0x0000000010006124       0x12 CMakeFiles/electronic_load_pico.dir/main.c.obj
 *fill*         0x0000000010006136        0x2 
 .rodata.bttTesterRefresh.str1.4
                0x0000000010006138        0x8 CMakeFiles/electronic_load_pico.dir/main.c.obj
 .rodata.hardware_alarm_claim.str1.4
                0x0000000010006140       0x22 CMakeFiles/electronic_load_pico.dir/home/pedrohcs8/pico/pico-sdk/src/rp2_common/hardware_timer/timer.c.obj
 *fill*         0x0000000010006162        0x2 
 .rodata.panic.str1.4
                0x0000000010006164       0x12 CMakeFiles/electronic_load_pico.dir/home/pedrohcs8/pico/pico-sdk/src/rp2_common/pico_runtime/runtime.c.obj
 *fill*         0x0000000010006176        0x2 
 .rodata.hard_assertion_failure.str1.4
                0x0000000010006178        0xc CMakeFiles/electronic_load_pico.dir/home/pedrohcs8/pico/pico-sdk/src/rp2_common/pico_runtime/runtime.c.obj
 .rodata._ftoa.str1.4
                0x0000000010006184       0x15 CMakeFiles/electronic_load_pico.dir/home/pedrohcs8/pico/pico-sdk/src/rp2_common/pico_printf/printf.c.obj
 *fill*         0x0000000010006199        0x3 
 .rodata._vsnprintf
                0x000000001000619c      0x1e0 CMakeFiles/electronic_load_pico.dir/home/pedrohcs8/pico/pico-sdk/src/rp2_common/pico_printf/printf.c.obj
 *fill*         0x000000001000637c        0x4 
 .rodata.pow10.0
                0x0000000010006380       0x50 CMakeFiles/electronic_load_pico.dir/home/pedrohcs8/pico/pico-sdk/src/rp2_common/pico_printf/printf.c.obj
 .rodata.str1.4
                0x00000000100063d0       0x44 CMakeFiles/electronic_load_pico.dir/home/pedrohcs8/pico/pico-sdk/src/rp2_common/pico_standard_link/binary_info.c.obj
                                         0x4c (size before relaxing)
 .rodata.__bi_44
                0x0000000010006414        0xc CMakeFiles/electronic_load_pico.dir/home/pedrohcs8/pico/pico-sdk/src/rp2_common/pico_standard_link/binary_info.c.obj
 .rodata.__bi_75
                0x0000000010006420        0xc CMakeFiles/electronic_load_pico.dir/home/pedrohcs8/pico/pico-sdk/src/rp2_common/pico_standard_link/binary_info.c.obj
 .rodata.__bi_81
                0x000000001000642c        0xc CMakeFiles/electronic_load_pico.dir/home/pedrohcs8/pico/pico-sdk/src/rp2_common/pico_standard_link/binary_info.c.obj
 .rodata.crlf_str.0
                0x0000000010006438        0x2 CMakeFiles/electronic_load_pico.dir/home/pedrohcs8/pico/pico-sdk/src/rp2_common/pico_stdio/stdio.c.obj
                0x000000001000643c                . = ALIGN (0x4)
 *fill*         0x000000001000643a        0x2 
 *(SORT_BY_ALIGNMENT(SORT_BY_NAME(.flashdata*)))
                0x000000001000643c                . = ALIGN (0x4)

.ARM.extab
 *(.ARM.extab* .gnu.linkonce.armextab.*)
                0x000000001000643c                __exidx_start = .

.ARM.exidx
 *(.ARM.exidx* .gnu.linkonce.armexidx.*)
                0x000000001000643c                __exidx_end = .
                0x000000001000643c                . = ALIGN (0x4)
                0x000000001000643c                __binary_info_start = .

.binary_info    0x000000001000643c       0x1c
 *(.binary_info.keep.*)
 .binary_info.keep.__bi_ptr22
                0x000000001000643c        0x4 CMakeFiles/electronic_load_pico.dir/home/pedrohcs8/pico/pico-sdk/src/rp2_common/pico_standard_link/binary_info.c.obj
 .binary_info.keep.__bi_ptr30
                0x0000000010006440        0x4 CMakeFiles/electronic_load_pico.dir/home/pedrohcs8/pico/pico-sdk/src/rp2_common/pico_standard_link/binary_info.c.obj
 .binary_info.keep.__bi_ptr38
                0x0000000010006444        0x4 CMakeFiles/electronic_load_pico.dir/home/pedrohcs8/pico/pico-sdk/src/rp2_common/pico_standard_link/binary_info.c.obj
 .binary_info.keep.__bi_ptr44
                0x0000000010006448        0x4 CMakeFiles/electronic_load_pico.dir/home/pedrohcs8/pico/pico-sdk/src/rp2_common/pico_standard_link/binary_info.c.obj
 .binary_info.keep.__bi_ptr50
                0x000000001000644c        0x4 CMakeFiles/electronic_load_pico.dir/home/pedrohcs8/pico/pico-sdk/src/rp2_common/pico_standard_link/binary_info.c.obj
 .binary_info.keep.__bi_ptr75
                0x0000000010006450        0x4 CMakeFiles/electronic_load_pico.dir/home/pedrohcs8/pico/pico-sdk/src/rp2_common/pico_standard_link/binary_info.c.obj
 .binary_info.keep.__bi_ptr81
                0x0000000010006454        0x4 CMakeFiles/electronic_load_pico.dir/home/pedrohcs8/pico/pico-sdk/src/rp2_common/pico_standard_link/binary_info.c.obj
 *(.binary_info.*)
                0x0000000010006458                __binary_info_end = .

.rel.dyn        0x0000000010006458        0x0
 .rel.iplt      0x0000000010006458        0x0 /usr/lib/gcc/arm-none-eabi/10.3.1/thumb/v6-m/nofp/crtbegin.o
                0x0000000010006458                . = ALIGN (0x4)

.ram_vector_table
                0x0000000020000000       0xc0
 *(.ram_vector_table)
 .ram_vector_table
                0x0000000020000000       0xc0 CMakeFiles/electronic_load_pico.dir/home/pedrohcs8/pico/pico-sdk/src/rp2_common/pico_runtime/runtime.c.obj
                0x0000000020000000                ram_vector_table

.data           0x00000000200000c0      0x400 load address 0x0000000010006458
                0x00000000200000c0                __data_start__ = .
 *(vtable)
 *(.time_critical*)
 .time_critical.recursive_mutex_enter_blocking
                0x00000000200000c0       0x54 CMakeFiles/electronic_load_pico.dir/home/pedrohcs8/pico/pico-sdk/src/common/pico_sync/mutex.c.obj
                0x00000000200000c0                recursive_mutex_enter_blocking
 .time_critical.mutex_try_enter_block_until
                0x0000000020000114       0x9c CMakeFiles/electronic_load_pico.dir/home/pedrohcs8/pico/pico-sdk/src/common/pico_sync/mutex.c.obj
                0x0000000020000114                mutex_try_enter_block_until
 .time_critical.recursive_mutex_try_enter
                0x00000000200001b0       0x54 CMakeFiles/electronic_load_pico.dir/home/pedrohcs8/pico/pico-sdk/src/common/pico_sync/mutex.c.obj
                0x00000000200001b0                recursive_mutex_try_enter
 .time_critical.mutex_exit
                0x0000000020000204       0x28 CMakeFiles/electronic_load_pico.dir/home/pedrohcs8/pico/pico-sdk/src/common/pico_sync/mutex.c.obj
                0x0000000020000204                mutex_exit
 .time_critical.recursive_mutex_exit
                0x000000002000022c       0x44 CMakeFiles/electronic_load_pico.dir/home/pedrohcs8/pico/pico-sdk/src/common/pico_sync/mutex.c.obj
                0x000000002000022c                recursive_mutex_exit
 .time_critical.flash_init_boot2_copyout
                0x0000000020000270       0x30 CMakeFiles/electronic_load_pico.dir/home/pedrohcs8/pico/pico-sdk/src/rp2_common/hardware_flash/flash.c.obj
 .time_critical.flash_enable_xip_via_boot2
                0x00000000200002a0       0x10 CMakeFiles/electronic_load_pico.dir/home/pedrohcs8/pico/pico-sdk/src/rp2_common/hardware_flash/flash.c.obj
 .time_critical.flash_cs_force
                0x00000000200002b0       0x38 CMakeFiles/electronic_load_pico.dir/home/pedrohcs8/pico/pico-sdk/src/rp2_common/hardware_flash/flash.c.obj
 .time_critical.flash_do_cmd
                0x00000000200002e8       0xc4 CMakeFiles/electronic_load_pico.dir/home/pedrohcs8/pico/pico-sdk/src/rp2_common/hardware_flash/flash.c.obj
                0x00000000200002e8                flash_do_cmd
 *(.text*)
 .text          0x00000000200003ac        0x4 /usr/lib/gcc/arm-none-eabi/10.3.1/thumb/v6-m/nofp/libgcc.a(_dvmd_tls.o)
                0x00000000200003ac                __aeabi_ldiv0
                0x00000000200003ac                __aeabi_idiv0
 .text.__stub   0x00000000200003b0       0x10 linker stubs
                0x00000000200003c0                . = ALIGN (0x4)
 *(.rodata*)
                0x00000000200003c0                . = ALIGN (0x4)
 *(.data*)
 .data.backligth_on
                0x00000000200003c0        0x1 CMakeFiles/electronic_load_pico.dir/i2c_lcd_lib.c.obj
                0x00000000200003c0                backligth_on
 *fill*         0x00000000200003c1        0x1 
 .data.clear_disp_cmd
                0x00000000200003c2        0x2 CMakeFiles/electronic_load_pico.dir/i2c_lcd_lib.c.obj
                0x00000000200003c2                clear_disp_cmd
 .data.cursor_1st_cmd
                0x00000000200003c4        0x2 CMakeFiles/electronic_load_pico.dir/i2c_lcd_lib.c.obj
                0x00000000200003c4                cursor_1st_cmd
 .data.cursor_2nd_cmd
                0x00000000200003c6        0x2 CMakeFiles/electronic_load_pico.dir/i2c_lcd_lib.c.obj
                0x00000000200003c6                cursor_2nd_cmd
 .data.display_no_char
                0x00000000200003c8        0x1 CMakeFiles/electronic_load_pico.dir/i2c_lcd_lib.c.obj
                0x00000000200003c8                display_no_char
 .data.right_pointer
                0x00000000200003c9        0x1 CMakeFiles/electronic_load_pico.dir/i2c_lcd_lib.c.obj
                0x00000000200003c9                right_pointer
 *fill*         0x00000000200003ca        0x2 
 .data.comparate2_GND
                0x00000000200003cc        0x4 CMakeFiles/electronic_load_pico.dir/ads1015_lib.c.obj
                0x00000000200003cc                comparate2_GND
 .data.config_reg
                0x00000000200003d0        0x4 CMakeFiles/electronic_load_pico.dir/ads1015_lib.c.obj
                0x00000000200003d0                config_reg
 .data.gain0256v
                0x00000000200003d4        0x4 CMakeFiles/electronic_load_pico.dir/ads1015_lib.c.obj
                0x00000000200003d4                gain0256v
 .data.setTime  0x00000000200003d8        0x8 CMakeFiles/electronic_load_pico.dir/main.c.obj
                0x00000000200003d8                setTime
 .data.striped_spin_lock_num
                0x00000000200003e0        0x1 CMakeFiles/electronic_load_pico.dir/home/pedrohcs8/pico/pico-sdk/src/rp2_common/hardware_sync/sync.c.obj
 *fill*         0x00000000200003e1        0x3 
 .data          0x00000000200003e4       0x48 CMakeFiles/electronic_load_pico.dir/home/pedrohcs8/pico/pico-sdk/src/rp2_common/hardware_irq/irq_handler_chain.S.obj
                0x00000000200003e4                irq_handler_chain_slots
                0x0000000020000414                irq_handler_chain_first_slot
                0x000000002000041e                irq_handler_chain_remove_tail
 .data.default_alarm_pool
                0x000000002000042c       0x18 CMakeFiles/electronic_load_pico.dir/home/pedrohcs8/pico/pico-sdk/src/common/pico_time/time.c.obj
 .data.default_alarm_pool_heap
                0x0000000020000444       0x10 CMakeFiles/electronic_load_pico.dir/home/pedrohcs8/pico/pico-sdk/src/common/pico_time/time.c.obj
 *fill*         0x0000000020000454        0xc 
 .data.aeabi_bits_funcs
                0x0000000020000460       0x10 CMakeFiles/electronic_load_pico.dir/home/pedrohcs8/pico/pico-sdk/src/rp2_common/pico_bit_ops/bit_ops_aeabi.S.obj
                0x0000000020000460                aeabi_bits_funcs
                0x0000000020000470                aeabi_bits_funcs_end
 .data.aeabi_mem_funcs
                0x0000000020000470       0x10 CMakeFiles/electronic_load_pico.dir/home/pedrohcs8/pico/pico-sdk/src/rp2_common/pico_mem_ops/mem_ops_aeabi.S.obj
                0x0000000020000470                aeabi_mem_funcs
                0x0000000020000480                aeabi_mem_funcs_end
 .data.i2c0_inst
                0x0000000020000480        0x8 CMakeFiles/electronic_load_pico.dir/home/pedrohcs8/pico/pico-sdk/src/rp2_common/hardware_i2c/i2c.c.obj
                0x0000000020000480                i2c0_inst
 .data.i2c1_inst
                0x0000000020000488        0x8 CMakeFiles/electronic_load_pico.dir/home/pedrohcs8/pico/pico-sdk/src/rp2_common/hardware_i2c/i2c.c.obj
                0x0000000020000488                i2c1_inst
                0x0000000020000490                . = ALIGN (0x4)
 *(.after_data.*)
                0x0000000020000490                . = ALIGN (0x4)
                0x0000000020000490                PROVIDE (__mutex_array_start = .)
 *(SORT_BY_NAME(.mutex_array.*))
 *(.mutex_array)
 .mutex_array   0x0000000020000490        0x8 CMakeFiles/electronic_load_pico.dir/main.c.obj
 .mutex_array   0x0000000020000498        0x8 CMakeFiles/electronic_load_pico.dir/home/pedrohcs8/pico/pico-sdk/src/rp2_common/pico_malloc/pico_malloc.c.obj
 .mutex_array   0x00000000200004a0        0x8 CMakeFiles/electronic_load_pico.dir/home/pedrohcs8/pico/pico-sdk/src/rp2_common/pico_stdio/stdio.c.obj
                0x00000000200004a8                PROVIDE (__mutex_array_end = .)
                0x00000000200004a8                . = ALIGN (0x4)
                0x00000000200004a8                PROVIDE (__preinit_array_start = .)
 *(SORT_BY_NAME(.preinit_array.*))
 .preinit_array.00001
                0x00000000200004a8        0x4 CMakeFiles/electronic_load_pico.dir/home/pedrohcs8/pico/pico-sdk/src/rp2_common/pico_mem_ops/mem_ops_aeabi.S.obj
 .preinit_array.00010
                0x00000000200004ac        0x4 CMakeFiles/electronic_load_pico.dir/home/pedrohcs8/pico/pico-sdk/src/rp2_common/pico_bit_ops/bit_ops_aeabi.S.obj
 .preinit_array.00020
                0x00000000200004b0        0x4 CMakeFiles/electronic_load_pico.dir/home/pedrohcs8/pico/pico-sdk/src/rp2_common/pico_double/double_aeabi.S.obj
 .preinit_array.00020
                0x00000000200004b4        0x4 CMakeFiles/electronic_load_pico.dir/home/pedrohcs8/pico/pico-sdk/src/rp2_common/pico_float/float_aeabi.S.obj
 *(.preinit_array)
                0x00000000200004b8                PROVIDE (__preinit_array_end = .)
                0x00000000200004b8                . = ALIGN (0x4)
                0x00000000200004b8                PROVIDE (__init_array_start = .)
 *(SORT_BY_NAME(.init_array.*))
 *(.init_array)
 .init_array    0x00000000200004b8        0x4 /usr/lib/gcc/arm-none-eabi/10.3.1/thumb/v6-m/nofp/crtbegin.o
 .init_array    0x00000000200004bc        0x4 CMakeFiles/electronic_load_pico.dir/home/pedrohcs8/pico/pico-sdk/src/rp2_common/pico_unique_id/unique_id.c.obj
                0x00000000200004c0                PROVIDE (__init_array_end = .)
                0x00000000200004c0                . = ALIGN (0x4)
                0x00000000200004c0                PROVIDE (__fini_array_start = .)
 *(SORT_BY_NAME(.fini_array.*))
 *(.fini_array)
                0x00000000200004c0                PROVIDE (__fini_array_end = .)
 *(.jcr)
                0x00000000200004c0                . = ALIGN (0x4)
                0x00000000200004c0                __data_end__ = .
                0x0000000010006458                __etext = LOADADDR (.data)

.tm_clone_table
                0x00000000200004c0        0x0 load address 0x0000000010006858
 .tm_clone_table
                0x00000000200004c0        0x0 /usr/lib/gcc/arm-none-eabi/10.3.1/thumb/v6-m/nofp/crtbegin.o
 .tm_clone_table
                0x00000000200004c0        0x0 /usr/lib/gcc/arm-none-eabi/10.3.1/thumb/v6-m/nofp/crtend.o

.igot.plt       0x00000000200004c0        0x0 load address 0x0000000010006858
 .igot.plt      0x00000000200004c0        0x0 /usr/lib/gcc/arm-none-eabi/10.3.1/thumb/v6-m/nofp/crtbegin.o

.uninitialized_data
                0x00000000200004c0        0x0 load address 0x0000000010006858
                0x00000000200004c0                . = ALIGN (0x4)
 *(.uninitialized_data*)

.scratch_x      0x0000000020040000        0x0 load address 0x0000000010006858
                0x0000000020040000                __scratch_x_start__ = .
 *(.scratch_x.*)
                0x0000000020040000                . = ALIGN (0x4)
                0x0000000020040000                __scratch_x_end__ = .
                0x0000000010006858                __scratch_x_source__ = LOADADDR (.scratch_x)

.scratch_y      0x0000000020041000        0x0 load address 0x0000000010006858
                0x0000000020041000                __scratch_y_start__ = .
 *(.scratch_y.*)
                0x0000000020041000                . = ALIGN (0x4)
                0x0000000020041000                __scratch_y_end__ = .
                0x0000000010006858                __scratch_y_source__ = LOADADDR (.scratch_y)

.bss            0x00000000200004c0      0x51c
                0x00000000200004c0                . = ALIGN (0x4)
                0x00000000200004c0                __bss_start__ = .
 *(SORT_BY_ALIGNMENT(SORT_BY_NAME(.bss*)))
 .bss.default_alarm_pool_entries
                0x00000000200004c0      0x100 CMakeFiles/electronic_load_pico.dir/home/pedrohcs8/pico/pico-sdk/src/common/pico_time/time.c.obj
 .bss.sd_table  0x00000000200005c0      0x100 CMakeFiles/electronic_load_pico.dir/home/pedrohcs8/pico/pico-sdk/src/rp2_common/pico_double/double_init_rom.c.obj
                0x00000000200005c0                sd_table
 .bss.sf_table  0x00000000200006c0      0x100 CMakeFiles/electronic_load_pico.dir/home/pedrohcs8/pico/pico-sdk/src/rp2_common/pico_float/float_init_rom.c.obj
                0x00000000200006c0                sf_table
 .bss           0x00000000200007c0       0x1c /usr/lib/gcc/arm-none-eabi/10.3.1/thumb/v6-m/nofp/crtbegin.o
 .bss.ads_addr_write
                0x00000000200007dc        0x4 CMakeFiles/electronic_load_pico.dir/ads1015_lib.c.obj
                0x00000000200007dc                ads_addr_write
 .bss.alarm_callbacks
                0x00000000200007e0       0x10 CMakeFiles/electronic_load_pico.dir/home/pedrohcs8/pico/pico-sdk/src/rp2_common/hardware_timer/timer.c.obj
 .bss.amp_setting
                0x00000000200007f0        0x4 CMakeFiles/electronic_load_pico.dir/main.c.obj
                0x00000000200007f0                amp_setting
 .bss.amps_reading
                0x00000000200007f4        0x4 CMakeFiles/electronic_load_pico.dir/main.c.obj
                0x00000000200007f4                amps_reading
 .bss.boot2_copyout
                0x00000000200007f8      0x100 CMakeFiles/electronic_load_pico.dir/home/pedrohcs8/pico/pico-sdk/src/rp2_common/hardware_flash/flash.c.obj
 .bss.callbacks
                0x00000000200008f8        0x8 CMakeFiles/electronic_load_pico.dir/home/pedrohcs8/pico/pico-sdk/src/rp2_common/hardware_gpio/gpio.c.obj
 .bss.comparate0_1
                0x0000000020000900        0x4 CMakeFiles/electronic_load_pico.dir/ads1015_lib.c.obj
                0x0000000020000900                comparate0_1
 .bss.configured_freq
                0x0000000020000904       0x28 CMakeFiles/electronic_load_pico.dir/home/pedrohcs8/pico/pico-sdk/src/rp2_common/hardware_clocks/clocks.c.obj
 .bss.conversion_reg
                0x000000002000092c        0x4 CMakeFiles/electronic_load_pico.dir/ads1015_lib.c.obj
                0x000000002000092c                conversion_reg
 .bss.dac_value
                0x0000000020000930        0x4 CMakeFiles/electronic_load_pico.dir/main.c.obj
                0x0000000020000930                dac_value
 .bss.default_alarm_pool_entry_ids_high
                0x0000000020000934       0x10 CMakeFiles/electronic_load_pico.dir/home/pedrohcs8/pico/pico-sdk/src/common/pico_time/time.c.obj
 .bss.default_alarm_pool_heap_nodes
                0x0000000020000944       0x30 CMakeFiles/electronic_load_pico.dir/home/pedrohcs8/pico/pico-sdk/src/common/pico_time/time.c.obj
 .bss.drivers   0x0000000020000974        0x4 CMakeFiles/electronic_load_pico.dir/home/pedrohcs8/pico/pico-sdk/src/rp2_common/pico_stdio/stdio.c.obj
 .bss.fastmode_cmd
                0x0000000020000978        0x4 CMakeFiles/electronic_load_pico.dir/mcp4725_lib.c.obj
                0x0000000020000978                fastmode_cmd
 .bss.filter    0x000000002000097c        0x4 CMakeFiles/electronic_load_pico.dir/home/pedrohcs8/pico/pico-sdk/src/rp2_common/pico_stdio/stdio.c.obj
 .bss.gain6v    0x0000000020000980        0x4 CMakeFiles/electronic_load_pico.dir/ads1015_lib.c.obj
                0x0000000020000980                gain6v
 .bss.lazy_vsnprintf
                0x0000000020000984        0x4 CMakeFiles/electronic_load_pico.dir/home/pedrohcs8/pico/pico-sdk/src/rp2_common/pico_printf/printf.c.obj
 .bss.mcp_addr_read
                0x0000000020000988        0x4 CMakeFiles/electronic_load_pico.dir/mcp4725_lib.c.obj
                0x0000000020000988                mcp_addr_read
 .bss.mcp_addr_write
                0x000000002000098c        0x4 CMakeFiles/electronic_load_pico.dir/mcp4725_lib.c.obj
                0x000000002000098c                mcp_addr_write
 .bss.owner_out
                0x0000000020000990        0x4 CMakeFiles/electronic_load_pico.dir/main.c.obj
                0x0000000020000990                owner_out
 .bss.pools     0x0000000020000994       0x10 CMakeFiles/electronic_load_pico.dir/home/pedrohcs8/pico/pico-sdk/src/common/pico_time/time.c.obj
 .bss.raw_irq_mask
                0x00000000200009a4        0x8 CMakeFiles/electronic_load_pico.dir/home/pedrohcs8/pico/pico-sdk/src/rp2_common/hardware_gpio/gpio.c.obj
 .bss.retrieved_id
                0x00000000200009ac        0x8 CMakeFiles/electronic_load_pico.dir/home/pedrohcs8/pico/pico-sdk/src/rp2_common/pico_unique_id/unique_id.c.obj
 .bss.selected_gain
                0x00000000200009b4        0x4 CMakeFiles/electronic_load_pico.dir/ads1015_lib.c.obj
                0x00000000200009b4                selected_gain
 .bss.sf_clz_func
                0x00000000200009b8        0x4 CMakeFiles/electronic_load_pico.dir/home/pedrohcs8/pico/pico-sdk/src/rp2_common/pico_double/double_init_rom.c.obj
                0x00000000200009b8                sf_clz_func
 .bss.sleep_notifier
                0x00000000200009bc        0x4 CMakeFiles/electronic_load_pico.dir/home/pedrohcs8/pico/pico-sdk/src/common/pico_time/time.c.obj
 .bss.target_hi
                0x00000000200009c0       0x10 CMakeFiles/electronic_load_pico.dir/home/pedrohcs8/pico/pico-sdk/src/rp2_common/hardware_timer/timer.c.obj
 .bss.volts_reading
                0x00000000200009d0        0x2 CMakeFiles/electronic_load_pico.dir/main.c.obj
                0x00000000200009d0                volts_reading
 .bss.boot2_copyout_valid
                0x00000000200009d2        0x1 CMakeFiles/electronic_load_pico.dir/home/pedrohcs8/pico/pico-sdk/src/rp2_common/hardware_flash/flash.c.obj
 .bss.bttMenuMode
                0x00000000200009d3        0x1 CMakeFiles/electronic_load_pico.dir/main.c.obj
                0x00000000200009d3                bttMenuMode
 .bss.ccw_fall  0x00000000200009d4        0x1 CMakeFiles/electronic_load_pico.dir/main.c.obj
                0x00000000200009d4                ccw_fall
 .bss.claimed   0x00000000200009d5        0x1 CMakeFiles/electronic_load_pico.dir/home/pedrohcs8/pico/pico-sdk/src/rp2_common/hardware_timer/timer.c.obj
 .bss.cw_fall   0x00000000200009d6        0x1 CMakeFiles/electronic_load_pico.dir/main.c.obj
                0x00000000200009d6                cw_fall
 .bss.irq_hander_chain_free_slot_head
                0x00000000200009d7        0x1 CMakeFiles/electronic_load_pico.dir/home/pedrohcs8/pico/pico-sdk/src/rp2_common/hardware_irq/irq.c.obj
 .bss.mutexCurrent
                0x00000000200009d8        0x1 CMakeFiles/electronic_load_pico.dir/main.c.obj
                0x00000000200009d8                mutexCurrent
 .bss.timer_callbacks_pending
                0x00000000200009d9        0x1 CMakeFiles/electronic_load_pico.dir/home/pedrohcs8/pico/pico-sdk/src/rp2_common/hardware_timer/timer.c.obj
 *(COMMON)
                0x00000000200009dc                . = ALIGN (0x4)
 *fill*         0x00000000200009da        0x2 
                0x00000000200009dc                __bss_end__ = .

.heap           0x00000000200009dc      0x800
                0x00000000200009dc                __end__ = .
                0x00000000200009dc                end = __end__
 *(.heap*)
 .heap          0x00000000200009dc      0x800 CMakeFiles/electronic_load_pico.dir/home/pedrohcs8/pico/pico-sdk/src/rp2_common/pico_standard_link/crt0.S.obj
                0x00000000200011dc                __HeapLimit = .

.stack1_dummy   0x0000000020040000      0x800
 *(.stack1*)
 .stack1        0x0000000020040000      0x800 CMakeFiles/electronic_load_pico.dir/home/pedrohcs8/pico/pico-sdk/src/rp2_common/pico_multicore/multicore.c.obj

.stack_dummy    0x0000000020041000      0x800
 *(.stack*)
 .stack         0x0000000020041000      0x800 CMakeFiles/electronic_load_pico.dir/home/pedrohcs8/pico/pico-sdk/src/rp2_common/pico_standard_link/crt0.S.obj

.flash_end      0x0000000010006858        0x0
                0x0000000010006858                PROVIDE (__flash_binary_end = .)
                0x0000000020040000                __StackLimit = (ORIGIN (RAM) + LENGTH (RAM))
                0x0000000020041000                __StackOneTop = (ORIGIN (SCRATCH_X) + LENGTH (SCRATCH_X))
                0x0000000020042000                __StackTop = (ORIGIN (SCRATCH_Y) + LENGTH (SCRATCH_Y))
                0x0000000020040800                __StackOneBottom = (__StackOneTop - SIZEOF (.stack1_dummy))
                0x0000000020041800                __StackBottom = (__StackTop - SIZEOF (.stack_dummy))
                0x0000000020042000                PROVIDE (__stack = __StackTop)
                0x0000000000000001                ASSERT ((__StackLimit >= __HeapLimit), region RAM overflowed)
                0x0000000000000001                ASSERT (((__binary_info_header_end - __logical_binary_start) <= 0x100), Binary info must be in first 256 bytes of the binary)
LOAD CMakeFiles/electronic_load_pico.dir/i2c_lcd_lib.c.obj
LOAD CMakeFiles/electronic_load_pico.dir/ads1015_lib.c.obj
LOAD CMakeFiles/electronic_load_pico.dir/mcp4725_lib.c.obj
LOAD CMakeFiles/electronic_load_pico.dir/main.c.obj
LOAD CMakeFiles/electronic_load_pico.dir/home/pedrohcs8/pico/pico-sdk/src/rp2_common/pico_stdlib/stdlib.c.obj
LOAD CMakeFiles/electronic_load_pico.dir/home/pedrohcs8/pico/pico-sdk/src/rp2_common/hardware_gpio/gpio.c.obj
LOAD CMakeFiles/electronic_load_pico.dir/home/pedrohcs8/pico/pico-sdk/src/rp2_common/pico_platform/platform.c.obj
LOAD CMakeFiles/electronic_load_pico.dir/home/pedrohcs8/pico/pico-sdk/src/rp2_common/hardware_claim/claim.c.obj
LOAD CMakeFiles/electronic_load_pico.dir/home/pedrohcs8/pico/pico-sdk/src/rp2_common/hardware_sync/sync.c.obj
LOAD CMakeFiles/electronic_load_pico.dir/home/pedrohcs8/pico/pico-sdk/src/rp2_common/hardware_irq/irq.c.obj
LOAD CMakeFiles/electronic_load_pico.dir/home/pedrohcs8/pico/pico-sdk/src/rp2_common/hardware_irq/irq_handler_chain.S.obj
LOAD CMakeFiles/electronic_load_pico.dir/home/pedrohcs8/pico/pico-sdk/src/common/pico_sync/sem.c.obj
LOAD CMakeFiles/electronic_load_pico.dir/home/pedrohcs8/pico/pico-sdk/src/common/pico_sync/lock_core.c.obj
LOAD CMakeFiles/electronic_load_pico.dir/home/pedrohcs8/pico/pico-sdk/src/common/pico_sync/mutex.c.obj
LOAD CMakeFiles/electronic_load_pico.dir/home/pedrohcs8/pico/pico-sdk/src/common/pico_sync/critical_section.c.obj
LOAD CMakeFiles/electronic_load_pico.dir/home/pedrohcs8/pico/pico-sdk/src/common/pico_time/time.c.obj
LOAD CMakeFiles/electronic_load_pico.dir/home/pedrohcs8/pico/pico-sdk/src/common/pico_time/timeout_helper.c.obj
LOAD CMakeFiles/electronic_load_pico.dir/home/pedrohcs8/pico/pico-sdk/src/rp2_common/hardware_timer/timer.c.obj
LOAD CMakeFiles/electronic_load_pico.dir/home/pedrohcs8/pico/pico-sdk/src/common/pico_util/datetime.c.obj
LOAD CMakeFiles/electronic_load_pico.dir/home/pedrohcs8/pico/pico-sdk/src/common/pico_util/pheap.c.obj
LOAD CMakeFiles/electronic_load_pico.dir/home/pedrohcs8/pico/pico-sdk/src/common/pico_util/queue.c.obj
LOAD CMakeFiles/electronic_load_pico.dir/home/pedrohcs8/pico/pico-sdk/src/rp2_common/hardware_uart/uart.c.obj
LOAD CMakeFiles/electronic_load_pico.dir/home/pedrohcs8/pico/pico-sdk/src/rp2_common/hardware_clocks/clocks.c.obj
LOAD CMakeFiles/electronic_load_pico.dir/home/pedrohcs8/pico/pico-sdk/src/rp2_common/hardware_pll/pll.c.obj
LOAD CMakeFiles/electronic_load_pico.dir/home/pedrohcs8/pico/pico-sdk/src/rp2_common/hardware_vreg/vreg.c.obj
LOAD CMakeFiles/electronic_load_pico.dir/home/pedrohcs8/pico/pico-sdk/src/rp2_common/hardware_watchdog/watchdog.c.obj
LOAD CMakeFiles/electronic_load_pico.dir/home/pedrohcs8/pico/pico-sdk/src/rp2_common/hardware_xosc/xosc.c.obj
LOAD CMakeFiles/electronic_load_pico.dir/home/pedrohcs8/pico/pico-sdk/src/rp2_common/hardware_divider/divider.S.obj
LOAD CMakeFiles/electronic_load_pico.dir/home/pedrohcs8/pico/pico-sdk/src/rp2_common/pico_runtime/runtime.c.obj
LOAD CMakeFiles/electronic_load_pico.dir/home/pedrohcs8/pico/pico-sdk/src/rp2_common/pico_printf/printf.c.obj
LOAD CMakeFiles/electronic_load_pico.dir/home/pedrohcs8/pico/pico-sdk/src/rp2_common/pico_bit_ops/bit_ops_aeabi.S.obj
LOAD CMakeFiles/electronic_load_pico.dir/home/pedrohcs8/pico/pico-sdk/src/rp2_common/pico_bootrom/bootrom.c.obj
LOAD CMakeFiles/electronic_load_pico.dir/home/pedrohcs8/pico/pico-sdk/src/rp2_common/pico_divider/divider.S.obj
LOAD CMakeFiles/electronic_load_pico.dir/home/pedrohcs8/pico/pico-sdk/src/rp2_common/pico_double/double_aeabi.S.obj
LOAD CMakeFiles/electronic_load_pico.dir/home/pedrohcs8/pico/pico-sdk/src/rp2_common/pico_double/double_init_rom.c.obj
LOAD CMakeFiles/electronic_load_pico.dir/home/pedrohcs8/pico/pico-sdk/src/rp2_common/pico_double/double_math.c.obj
LOAD CMakeFiles/electronic_load_pico.dir/home/pedrohcs8/pico/pico-sdk/src/rp2_common/pico_double/double_v1_rom_shim.S.obj
LOAD CMakeFiles/electronic_load_pico.dir/home/pedrohcs8/pico/pico-sdk/src/rp2_common/pico_int64_ops/pico_int64_ops_aeabi.S.obj
LOAD CMakeFiles/electronic_load_pico.dir/home/pedrohcs8/pico/pico-sdk/src/rp2_common/pico_float/float_aeabi.S.obj
LOAD CMakeFiles/electronic_load_pico.dir/home/pedrohcs8/pico/pico-sdk/src/rp2_common/pico_float/float_init_rom.c.obj
LOAD CMakeFiles/electronic_load_pico.dir/home/pedrohcs8/pico/pico-sdk/src/rp2_common/pico_float/float_math.c.obj
LOAD CMakeFiles/electronic_load_pico.dir/home/pedrohcs8/pico/pico-sdk/src/rp2_common/pico_float/float_v1_rom_shim.S.obj
LOAD CMakeFiles/electronic_load_pico.dir/home/pedrohcs8/pico/pico-sdk/src/rp2_common/pico_malloc/pico_malloc.c.obj
LOAD CMakeFiles/electronic_load_pico.dir/home/pedrohcs8/pico/pico-sdk/src/rp2_common/pico_mem_ops/mem_ops_aeabi.S.obj
LOAD CMakeFiles/electronic_load_pico.dir/home/pedrohcs8/pico/pico-sdk/src/rp2_common/pico_standard_link/crt0.S.obj
LOAD CMakeFiles/electronic_load_pico.dir/home/pedrohcs8/pico/pico-sdk/src/rp2_common/pico_standard_link/new_delete.cpp.obj
LOAD CMakeFiles/electronic_load_pico.dir/home/pedrohcs8/pico/pico-sdk/src/rp2_common/pico_standard_link/binary_info.c.obj
LOAD CMakeFiles/electronic_load_pico.dir/home/pedrohcs8/pico/pico-sdk/src/rp2_common/pico_stdio/stdio.c.obj
LOAD CMakeFiles/electronic_load_pico.dir/home/pedrohcs8/pico/pico-sdk/src/rp2_common/pico_stdio_usb/reset_interface.c.obj
LOAD CMakeFiles/electronic_load_pico.dir/home/pedrohcs8/pico/pico-sdk/src/rp2_common/pico_stdio_usb/stdio_usb.c.obj
LOAD CMakeFiles/electronic_load_pico.dir/home/pedrohcs8/pico/pico-sdk/src/rp2_common/pico_stdio_usb/stdio_usb_descriptors.c.obj
LOAD CMakeFiles/electronic_load_pico.dir/home/pedrohcs8/pico/pico-sdk/src/rp2_common/pico_unique_id/unique_id.c.obj
LOAD CMakeFiles/electronic_load_pico.dir/home/pedrohcs8/pico/pico-sdk/src/rp2_common/hardware_flash/flash.c.obj
LOAD CMakeFiles/electronic_load_pico.dir/home/pedrohcs8/pico/pico-sdk/lib/tinyusb/src/portable/raspberrypi/rp2040/dcd_rp2040.c.obj
LOAD CMakeFiles/electronic_load_pico.dir/home/pedrohcs8/pico/pico-sdk/lib/tinyusb/src/portable/raspberrypi/rp2040/rp2040_usb.c.obj
LOAD CMakeFiles/electronic_load_pico.dir/home/pedrohcs8/pico/pico-sdk/lib/tinyusb/src/device/usbd.c.obj
LOAD CMakeFiles/electronic_load_pico.dir/home/pedrohcs8/pico/pico-sdk/lib/tinyusb/src/device/usbd_control.c.obj
LOAD CMakeFiles/electronic_load_pico.dir/home/pedrohcs8/pico/pico-sdk/lib/tinyusb/src/class/audio/audio_device.c.obj
LOAD CMakeFiles/electronic_load_pico.dir/home/pedrohcs8/pico/pico-sdk/lib/tinyusb/src/class/cdc/cdc_device.c.obj
LOAD CMakeFiles/electronic_load_pico.dir/home/pedrohcs8/pico/pico-sdk/lib/tinyusb/src/class/dfu/dfu_device.c.obj
LOAD CMakeFiles/electronic_load_pico.dir/home/pedrohcs8/pico/pico-sdk/lib/tinyusb/src/class/dfu/dfu_rt_device.c.obj
LOAD CMakeFiles/electronic_load_pico.dir/home/pedrohcs8/pico/pico-sdk/lib/tinyusb/src/class/hid/hid_device.c.obj
LOAD CMakeFiles/electronic_load_pico.dir/home/pedrohcs8/pico/pico-sdk/lib/tinyusb/src/class/midi/midi_device.c.obj
LOAD CMakeFiles/electronic_load_pico.dir/home/pedrohcs8/pico/pico-sdk/lib/tinyusb/src/class/msc/msc_device.c.obj
LOAD CMakeFiles/electronic_load_pico.dir/home/pedrohcs8/pico/pico-sdk/lib/tinyusb/src/class/net/ecm_rndis_device.c.obj
LOAD CMakeFiles/electronic_load_pico.dir/home/pedrohcs8/pico/pico-sdk/lib/tinyusb/src/class/net/ncm_device.c.obj
LOAD CMakeFiles/electronic_load_pico.dir/home/pedrohcs8/pico/pico-sdk/lib/tinyusb/src/class/usbtmc/usbtmc_device.c.obj
LOAD CMakeFiles/electronic_load_pico.dir/home/pedrohcs8/pico/pico-sdk/lib/tinyusb/src/class/vendor/vendor_device.c.obj
LOAD CMakeFiles/electronic_load_pico.dir/home/pedrohcs8/pico/pico-sdk/lib/tinyusb/src/class/video/video_device.c.obj
LOAD CMakeFiles/electronic_load_pico.dir/home/pedrohcs8/pico/pico-sdk/lib/tinyusb/src/tusb.c.obj
LOAD CMakeFiles/electronic_load_pico.dir/home/pedrohcs8/pico/pico-sdk/lib/tinyusb/src/common/tusb_fifo.c.obj
LOAD CMakeFiles/electronic_load_pico.dir/home/pedrohcs8/pico/pico-sdk/src/rp2_common/pico_fix/rp2040_usb_device_enumeration/rp2040_usb_device_enumeration.c.obj
LOAD CMakeFiles/electronic_load_pico.dir/home/pedrohcs8/pico/pico-sdk/src/rp2_common/pico_multicore/multicore.c.obj
LOAD CMakeFiles/electronic_load_pico.dir/home/pedrohcs8/pico/pico-sdk/src/rp2_common/hardware_i2c/i2c.c.obj
LOAD CMakeFiles/electronic_load_pico.dir/home/pedrohcs8/pico/pico-sdk/src/rp2_common/hardware_rtc/rtc.c.obj
LOAD /tmp/ccAnpGj5.o
LOAD /usr/lib/gcc/arm-none-eabi/10.3.1/../../../arm-none-eabi/lib/thumb/v6-m/nofp/libstdc++.a
LOAD /usr/lib/gcc/arm-none-eabi/10.3.1/../../../arm-none-eabi/lib/thumb/v6-m/nofp/libm.a
START GROUP
LOAD /usr/lib/gcc/arm-none-eabi/10.3.1/thumb/v6-m/nofp/libgcc.a
LOAD /usr/lib/gcc/arm-none-eabi/10.3.1/../../../arm-none-eabi/lib/thumb/v6-m/nofp/libc.a
END GROUP
START GROUP
LOAD /usr/lib/gcc/arm-none-eabi/10.3.1/thumb/v6-m/nofp/libgcc.a
LOAD /usr/lib/gcc/arm-none-eabi/10.3.1/../../../arm-none-eabi/lib/thumb/v6-m/nofp/libc.a
LOAD /usr/lib/gcc/arm-none-eabi/10.3.1/../../../arm-none-eabi/lib/thumb/v6-m/nofp/libnosys.a
END GROUP
LOAD /usr/lib/gcc/arm-none-eabi/10.3.1/thumb/v6-m/nofp/crtend.o
LOAD /usr/lib/gcc/arm-none-eabi/10.3.1/thumb/v6-m/nofp/crtn.o
OUTPUT(electronic_load_pico.elf elf32-littlearm)
LOAD linker stubs

.ARM.attributes
                0x0000000000000000       0x28
 .ARM.attributes
                0x0000000000000000       0x1e /usr/lib/gcc/arm-none-eabi/10.3.1/thumb/v6-m/nofp/crti.o
 .ARM.attributes
                0x000000000000001e       0x2c /usr/lib/gcc/arm-none-eabi/10.3.1/thumb/v6-m/nofp/crtbegin.o
 .ARM.attributes
                0x000000000000004a       0x2c CMakeFiles/electronic_load_pico.dir/i2c_lcd_lib.c.obj
 .ARM.attributes
                0x0000000000000076       0x2c CMakeFiles/electronic_load_pico.dir/ads1015_lib.c.obj
 .ARM.attributes
                0x00000000000000a2       0x2c CMakeFiles/electronic_load_pico.dir/mcp4725_lib.c.obj
 .ARM.attributes
                0x00000000000000ce       0x2c CMakeFiles/electronic_load_pico.dir/main.c.obj
 .ARM.attributes
                0x00000000000000fa       0x2c CMakeFiles/electronic_load_pico.dir/home/pedrohcs8/pico/pico-sdk/src/rp2_common/hardware_gpio/gpio.c.obj
 .ARM.attributes
                0x0000000000000126       0x2c CMakeFiles/electronic_load_pico.dir/home/pedrohcs8/pico/pico-sdk/src/rp2_common/pico_platform/platform.c.obj
 .ARM.attributes
                0x0000000000000152       0x2c CMakeFiles/electronic_load_pico.dir/home/pedrohcs8/pico/pico-sdk/src/rp2_common/hardware_claim/claim.c.obj
 .ARM.attributes
                0x000000000000017e       0x2c CMakeFiles/electronic_load_pico.dir/home/pedrohcs8/pico/pico-sdk/src/rp2_common/hardware_sync/sync.c.obj
 .ARM.attributes
                0x00000000000001aa       0x2c CMakeFiles/electronic_load_pico.dir/home/pedrohcs8/pico/pico-sdk/src/rp2_common/hardware_irq/irq.c.obj
 .ARM.attributes
                0x00000000000001d6       0x22 CMakeFiles/electronic_load_pico.dir/home/pedrohcs8/pico/pico-sdk/src/rp2_common/hardware_irq/irq_handler_chain.S.obj
 .ARM.attributes
                0x00000000000001f8       0x2c CMakeFiles/electronic_load_pico.dir/home/pedrohcs8/pico/pico-sdk/src/common/pico_sync/lock_core.c.obj
 .ARM.attributes
                0x0000000000000224       0x2c CMakeFiles/electronic_load_pico.dir/home/pedrohcs8/pico/pico-sdk/src/common/pico_sync/mutex.c.obj
 .ARM.attributes
                0x0000000000000250       0x2c CMakeFiles/electronic_load_pico.dir/home/pedrohcs8/pico/pico-sdk/src/common/pico_time/time.c.obj
 .ARM.attributes
                0x000000000000027c       0x2c CMakeFiles/electronic_load_pico.dir/home/pedrohcs8/pico/pico-sdk/src/rp2_common/hardware_timer/timer.c.obj
 .ARM.attributes
                0x00000000000002a8       0x2c CMakeFiles/electronic_load_pico.dir/home/pedrohcs8/pico/pico-sdk/src/common/pico_util/pheap.c.obj
 .ARM.attributes
                0x00000000000002d4       0x2c CMakeFiles/electronic_load_pico.dir/home/pedrohcs8/pico/pico-sdk/src/rp2_common/hardware_clocks/clocks.c.obj
 .ARM.attributes
                0x0000000000000300       0x2c CMakeFiles/electronic_load_pico.dir/home/pedrohcs8/pico/pico-sdk/src/rp2_common/hardware_pll/pll.c.obj
 .ARM.attributes
                0x000000000000032c       0x2c CMakeFiles/electronic_load_pico.dir/home/pedrohcs8/pico/pico-sdk/src/rp2_common/hardware_watchdog/watchdog.c.obj
 .ARM.attributes
                0x0000000000000358       0x2c CMakeFiles/electronic_load_pico.dir/home/pedrohcs8/pico/pico-sdk/src/rp2_common/hardware_xosc/xosc.c.obj
 .ARM.attributes
                0x0000000000000384       0x2c CMakeFiles/electronic_load_pico.dir/home/pedrohcs8/pico/pico-sdk/src/rp2_common/pico_runtime/runtime.c.obj
 .ARM.attributes
                0x00000000000003b0       0x2c CMakeFiles/electronic_load_pico.dir/home/pedrohcs8/pico/pico-sdk/src/rp2_common/pico_printf/printf.c.obj
 .ARM.attributes
                0x00000000000003dc       0x22 CMakeFiles/electronic_load_pico.dir/home/pedrohcs8/pico/pico-sdk/src/rp2_common/pico_bit_ops/bit_ops_aeabi.S.obj
 .ARM.attributes
                0x00000000000003fe       0x2c CMakeFiles/electronic_load_pico.dir/home/pedrohcs8/pico/pico-sdk/src/rp2_common/pico_bootrom/bootrom.c.obj
 .ARM.attributes
                0x000000000000042a       0x22 CMakeFiles/electronic_load_pico.dir/home/pedrohcs8/pico/pico-sdk/src/rp2_common/pico_divider/divider.S.obj
 .ARM.attributes
                0x000000000000044c       0x22 CMakeFiles/electronic_load_pico.dir/home/pedrohcs8/pico/pico-sdk/src/rp2_common/pico_double/double_aeabi.S.obj
 .ARM.attributes
                0x000000000000046e       0x2c CMakeFiles/electronic_load_pico.dir/home/pedrohcs8/pico/pico-sdk/src/rp2_common/pico_double/double_init_rom.c.obj
 .ARM.attributes
                0x000000000000049a       0x22 CMakeFiles/electronic_load_pico.dir/home/pedrohcs8/pico/pico-sdk/src/rp2_common/pico_double/double_v1_rom_shim.S.obj
 .ARM.attributes
                0x00000000000004bc       0x22 CMakeFiles/electronic_load_pico.dir/home/pedrohcs8/pico/pico-sdk/src/rp2_common/pico_int64_ops/pico_int64_ops_aeabi.S.obj
 .ARM.attributes
                0x00000000000004de       0x22 CMakeFiles/electronic_load_pico.dir/home/pedrohcs8/pico/pico-sdk/src/rp2_common/pico_float/float_aeabi.S.obj
 .ARM.attributes
                0x0000000000000500       0x2c CMakeFiles/electronic_load_pico.dir/home/pedrohcs8/pico/pico-sdk/src/rp2_common/pico_float/float_init_rom.c.obj
 .ARM.attributes
                0x000000000000052c       0x22 CMakeFiles/electronic_load_pico.dir/home/pedrohcs8/pico/pico-sdk/src/rp2_common/pico_float/float_v1_rom_shim.S.obj
 .ARM.attributes
                0x000000000000054e       0x2c CMakeFiles/electronic_load_pico.dir/home/pedrohcs8/pico/pico-sdk/src/rp2_common/pico_malloc/pico_malloc.c.obj
 .ARM.attributes
                0x000000000000057a       0x22 CMakeFiles/electronic_load_pico.dir/home/pedrohcs8/pico/pico-sdk/src/rp2_common/pico_mem_ops/mem_ops_aeabi.S.obj
 .ARM.attributes
                0x000000000000059c       0x22 CMakeFiles/electronic_load_pico.dir/home/pedrohcs8/pico/pico-sdk/src/rp2_common/pico_standard_link/crt0.S.obj
 .ARM.attributes
                0x00000000000005be       0x32 CMakeFiles/electronic_load_pico.dir/home/pedrohcs8/pico/pico-sdk/src/rp2_common/pico_standard_link/binary_info.c.obj
 .ARM.attributes
                0x00000000000005f0       0x2c CMakeFiles/electronic_load_pico.dir/home/pedrohcs8/pico/pico-sdk/src/rp2_common/pico_stdio/stdio.c.obj
 .ARM.attributes
                0x000000000000061c       0x2c CMakeFiles/electronic_load_pico.dir/home/pedrohcs8/pico/pico-sdk/src/rp2_common/pico_unique_id/unique_id.c.obj
 .ARM.attributes
                0x0000000000000648       0x2c CMakeFiles/electronic_load_pico.dir/home/pedrohcs8/pico/pico-sdk/src/rp2_common/hardware_flash/flash.c.obj
 .ARM.attributes
                0x0000000000000674       0x2c CMakeFiles/electronic_load_pico.dir/home/pedrohcs8/pico/pico-sdk/src/rp2_common/pico_multicore/multicore.c.obj
 .ARM.attributes
                0x00000000000006a0       0x2c CMakeFiles/electronic_load_pico.dir/home/pedrohcs8/pico/pico-sdk/src/rp2_common/hardware_i2c/i2c.c.obj
 .ARM.attributes
                0x00000000000006cc       0x2c CMakeFiles/electronic_load_pico.dir/home/pedrohcs8/pico/pico-sdk/src/rp2_common/hardware_rtc/rtc.c.obj
 .ARM.attributes
                0x00000000000006f8       0x22 /tmp/ccAnpGj5.o
 .ARM.attributes
                0x000000000000071a       0x1e /usr/lib/gcc/arm-none-eabi/10.3.1/thumb/v6-m/nofp/libgcc.a(_dvmd_tls.o)
 .ARM.attributes
                0x0000000000000738       0x2c /usr/lib/gcc/arm-none-eabi/10.3.1/../../../arm-none-eabi/lib/thumb/v6-m/nofp/libc.a(lib_a-strlen-stub.o)
 .ARM.attributes
                0x0000000000000764       0x2c /usr/lib/gcc/arm-none-eabi/10.3.1/thumb/v6-m/nofp/crtend.o

.comment        0x0000000000000000       0x33
 .comment       0x0000000000000000       0x33 /usr/lib/gcc/arm-none-eabi/10.3.1/thumb/v6-m/nofp/crtbegin.o
                                         0x34 (size before relaxing)
 .comment       0x0000000000000033       0x34 CMakeFiles/electronic_load_pico.dir/i2c_lcd_lib.c.obj
 .comment       0x0000000000000033       0x34 CMakeFiles/electronic_load_pico.dir/ads1015_lib.c.obj
 .comment       0x0000000000000033       0x34 CMakeFiles/electronic_load_pico.dir/mcp4725_lib.c.obj
 .comment       0x0000000000000033       0x34 CMakeFiles/electronic_load_pico.dir/main.c.obj
 .comment       0x0000000000000033       0x34 CMakeFiles/electronic_load_pico.dir/home/pedrohcs8/pico/pico-sdk/src/rp2_common/hardware_gpio/gpio.c.obj
 .comment       0x0000000000000033       0x34 CMakeFiles/electronic_load_pico.dir/home/pedrohcs8/pico/pico-sdk/src/rp2_common/pico_platform/platform.c.obj
 .comment       0x0000000000000033       0x34 CMakeFiles/electronic_load_pico.dir/home/pedrohcs8/pico/pico-sdk/src/rp2_common/hardware_claim/claim.c.obj
 .comment       0x0000000000000033       0x34 CMakeFiles/electronic_load_pico.dir/home/pedrohcs8/pico/pico-sdk/src/rp2_common/hardware_sync/sync.c.obj
 .comment       0x0000000000000033       0x34 CMakeFiles/electronic_load_pico.dir/home/pedrohcs8/pico/pico-sdk/src/rp2_common/hardware_irq/irq.c.obj
 .comment       0x0000000000000033       0x34 CMakeFiles/electronic_load_pico.dir/home/pedrohcs8/pico/pico-sdk/src/common/pico_sync/lock_core.c.obj
 .comment       0x0000000000000033       0x34 CMakeFiles/electronic_load_pico.dir/home/pedrohcs8/pico/pico-sdk/src/common/pico_sync/mutex.c.obj
 .comment       0x0000000000000033       0x34 CMakeFiles/electronic_load_pico.dir/home/pedrohcs8/pico/pico-sdk/src/common/pico_time/time.c.obj
 .comment       0x0000000000000033       0x34 CMakeFiles/electronic_load_pico.dir/home/pedrohcs8/pico/pico-sdk/src/rp2_common/hardware_timer/timer.c.obj
 .comment       0x0000000000000033       0x34 CMakeFiles/electronic_load_pico.dir/home/pedrohcs8/pico/pico-sdk/src/common/pico_util/pheap.c.obj
 .comment       0x0000000000000033       0x34 CMakeFiles/electronic_load_pico.dir/home/pedrohcs8/pico/pico-sdk/src/rp2_common/hardware_clocks/clocks.c.obj
 .comment       0x0000000000000033       0x34 CMakeFiles/electronic_load_pico.dir/home/pedrohcs8/pico/pico-sdk/src/rp2_common/hardware_pll/pll.c.obj
 .comment       0x0000000000000033       0x34 CMakeFiles/electronic_load_pico.dir/home/pedrohcs8/pico/pico-sdk/src/rp2_common/hardware_watchdog/watchdog.c.obj
 .comment       0x0000000000000033       0x34 CMakeFiles/electronic_load_pico.dir/home/pedrohcs8/pico/pico-sdk/src/rp2_common/hardware_xosc/xosc.c.obj
 .comment       0x0000000000000033       0x34 CMakeFiles/electronic_load_pico.dir/home/pedrohcs8/pico/pico-sdk/src/rp2_common/pico_runtime/runtime.c.obj
 .comment       0x0000000000000033       0x34 CMakeFiles/electronic_load_pico.dir/home/pedrohcs8/pico/pico-sdk/src/rp2_common/pico_printf/printf.c.obj
 .comment       0x0000000000000033       0x34 CMakeFiles/electronic_load_pico.dir/home/pedrohcs8/pico/pico-sdk/src/rp2_common/pico_bootrom/bootrom.c.obj
 .comment       0x0000000000000033       0x34 CMakeFiles/electronic_load_pico.dir/home/pedrohcs8/pico/pico-sdk/src/rp2_common/pico_double/double_init_rom.c.obj
 .comment       0x0000000000000033       0x34 CMakeFiles/electronic_load_pico.dir/home/pedrohcs8/pico/pico-sdk/src/rp2_common/pico_float/float_init_rom.c.obj
 .comment       0x0000000000000033       0x34 CMakeFiles/electronic_load_pico.dir/home/pedrohcs8/pico/pico-sdk/src/rp2_common/pico_malloc/pico_malloc.c.obj
 .comment       0x0000000000000033       0x34 CMakeFiles/electronic_load_pico.dir/home/pedrohcs8/pico/pico-sdk/src/rp2_common/pico_standard_link/binary_info.c.obj
 .comment       0x0000000000000033       0x34 CMakeFiles/electronic_load_pico.dir/home/pedrohcs8/pico/pico-sdk/src/rp2_common/pico_stdio/stdio.c.obj
 .comment       0x0000000000000033       0x34 CMakeFiles/electronic_load_pico.dir/home/pedrohcs8/pico/pico-sdk/src/rp2_common/pico_unique_id/unique_id.c.obj
 .comment       0x0000000000000033       0x34 CMakeFiles/electronic_load_pico.dir/home/pedrohcs8/pico/pico-sdk/src/rp2_common/hardware_flash/flash.c.obj
 .comment       0x0000000000000033       0x34 CMakeFiles/electronic_load_pico.dir/home/pedrohcs8/pico/pico-sdk/src/rp2_common/pico_multicore/multicore.c.obj
 .comment       0x0000000000000033       0x34 CMakeFiles/electronic_load_pico.dir/home/pedrohcs8/pico/pico-sdk/src/rp2_common/hardware_i2c/i2c.c.obj
 .comment       0x0000000000000033       0x34 CMakeFiles/electronic_load_pico.dir/home/pedrohcs8/pico/pico-sdk/src/rp2_common/hardware_rtc/rtc.c.obj
 .comment       0x0000000000000033       0x34 /usr/lib/gcc/arm-none-eabi/10.3.1/../../../arm-none-eabi/lib/thumb/v6-m/nofp/libc.a(lib_a-strlen-stub.o)
 .comment       0x0000000000000033       0x34 /usr/lib/gcc/arm-none-eabi/10.3.1/thumb/v6-m/nofp/crtend.o

.debug_line     0x0000000000000000      0x1d2
 .debug_line    0x0000000000000000       0x60 /usr/lib/gcc/arm-none-eabi/10.3.1/thumb/v6-m/nofp/libgcc.a(_dvmd_tls.o)
 .debug_line    0x0000000000000060      0x172 /usr/lib/gcc/arm-none-eabi/10.3.1/../../../arm-none-eabi/lib/thumb/v6-m/nofp/libc.a(lib_a-strlen-stub.o)

.debug_info     0x0000000000000000      0x114
 .debug_info    0x0000000000000000       0x26 /usr/lib/gcc/arm-none-eabi/10.3.1/thumb/v6-m/nofp/libgcc.a(_dvmd_tls.o)
 .debug_info    0x0000000000000026       0xee /usr/lib/gcc/arm-none-eabi/10.3.1/../../../arm-none-eabi/lib/thumb/v6-m/nofp/libc.a(lib_a-strlen-stub.o)

.debug_abbrev   0x0000000000000000       0xa3
 .debug_abbrev  0x0000000000000000       0x14 /usr/lib/gcc/arm-none-eabi/10.3.1/thumb/v6-m/nofp/libgcc.a(_dvmd_tls.o)
 .debug_abbrev  0x0000000000000014       0x8f /usr/lib/gcc/arm-none-eabi/10.3.1/../../../arm-none-eabi/lib/thumb/v6-m/nofp/libc.a(lib_a-strlen-stub.o)

.debug_aranges  0x0000000000000000       0x40
 .debug_aranges
                0x0000000000000000       0x20 /usr/lib/gcc/arm-none-eabi/10.3.1/thumb/v6-m/nofp/libgcc.a(_dvmd_tls.o)
 .debug_aranges
                0x0000000000000020       0x20 /usr/lib/gcc/arm-none-eabi/10.3.1/../../../arm-none-eabi/lib/thumb/v6-m/nofp/libc.a(lib_a-strlen-stub.o)

.debug_str      0x0000000000000000      0x232
 .debug_str     0x0000000000000000       0xa6 /usr/lib/gcc/arm-none-eabi/10.3.1/thumb/v6-m/nofp/libgcc.a(_dvmd_tls.o)
 .debug_str     0x00000000000000a6      0x18c /usr/lib/gcc/arm-none-eabi/10.3.1/../../../arm-none-eabi/lib/thumb/v6-m/nofp/libc.a(lib_a-strlen-stub.o)
                                        0x1c5 (size before relaxing)

.debug_loc      0x0000000000000000       0x90
 .debug_loc     0x0000000000000000       0x90 /usr/lib/gcc/arm-none-eabi/10.3.1/../../../arm-none-eabi/lib/thumb/v6-m/nofp/libc.a(lib_a-strlen-stub.o)

.debug_frame    0x0000000000000000       0x28
 .debug_frame   0x0000000000000000       0x28 /usr/lib/gcc/arm-none-eabi/10.3.1/../../../arm-none-eabi/lib/thumb/v6-m/nofp/libc.a(lib_a-strlen-stub.o)
